<html>
<body>
<pre>
<h1>µVision Build Log</h1>
<h2>Tool Versions:</h2>
IDE-Version: ¦ÌVision V5.14.0.0
Copyright (C) 2015 ARM Ltd and ARM Germany GmbH. All rights reserved.
License Information: MA matianlu111@outlook.com, TIANLU, LIC=50D56-D1BIA-C1HPU-S1T7R-0AQNP-0BDZL
 
Tool Versions:
Toolchain:       MDK-ARM Professional  Version: 5.14.0.0
Toolchain Path:  D:\Program Files\MDK5\ARM\ARMCC\Bin
C Compiler:      Armcc.exe V5.05 update 1 (build 106)
Assembler:       Armasm.exe V5.05 update 1 (build 106)
Linker/Locator:  ArmLink.exe V5.05 update 1 (build 106)
Library Manager: ArmAr.exe V5.05 update 1 (build 106)
Hex Converter:   FromElf.exe V5.05 update 1 (build 106)
CPU DLL:         SARMCM3.DLL V5.14.0.0
Dialog DLL:      DARMSTM.DLL V1.65.0.0
Target DLL:      STLink\ST-LINKIII-KEIL_SWO.dll V2.0.14.0_KEIL
Dialog DLL:      TARMSTM.DLL V1.64.0.0
 
<h2>Project:</h2>
C:\Users\matia\Desktop\PWMADC\USER\PWM.uvprojx
Project File Date:  04/14/2019

<h2>Output:</h2>
Build target 'PWM'
compiling main.c...
main.c(27): warning:  #177-D: variable "led0pwmval" was declared but never referenced
        u16 led0pwmval=0;
main.c(28): warning:  #177-D: variable "dir" was declared but never referenced
        u8 dir=1;       
main.c(30): warning:  #550-D: variable "temp" was set but never used
        float temp;
main.c: 3 warnings, 0 errors
linking...
Program Size: Code=10280 RO-data=336 RW-data=64 ZI-data=1832  
FromELF: creating hex file...
"..\OBJ\PWM.axf" - 0 Error(s), 3 Warning(s).

<h2>Collection of Component include folders:</h2>
  C:\Users\matia\Desktop\PWMADC\USER\RTE
  D:\Program Files\MDK5\ARM\PACK\Keil\STM32F1xx_DFP\1.0.5\Device\Include

<h2>Collection of Component Files used:</h2>
</pre>
</body>
</html>
