Component: ARM Compiler 5.05 update 1 (build 106) Tool: armlink [4d0efa]

==============================================================================

Section Cross References

    main.o(.text) refers to _printf_percent.o(.ARM.Collect$$_printf_percent$$00000000) for _printf_percent
    main.o(.text) refers to _printf_f.o(.ARM.Collect$$_printf_percent$$00000003) for _printf_f
    main.o(.text) refers to printf1.o(x$fpl$printf1) for _printf_fp_dec
    main.o(.text) refers to delay.o(.text) for delay_init
    main.o(.text) refers to misc.o(.text) for NVIC_PriorityGroupConfig
    main.o(.text) refers to led.o(.text) for LED_Init
    main.o(.text) refers to timer3.o(.text) for TIM3_Int_Init
    main.o(.text) refers to timer.o(.text) for TIM1_PWM_Init
    main.o(.text) refers to adc.o(.text) for Adc_Init
    main.o(.text) refers to 5110.o(.text) for LCD_init
    main.o(.text) refers to stm32f10x_tim.o(.text) for TIM_SetCompare1
    main.o(.text) refers to median_filter.o(.text) for GetMedianNum
    main.o(.text) refers to f2d.o(x$fpl$f2d) for __aeabi_f2d
    main.o(.text) refers to noretval__2sprintf.o(.text) for __2sprintf
    main.o(.text) refers to control.o(.data) for pwm
    main.o(.text) refers to main.o(.bss) for b0
    main.o(.text) refers to main.o(.data) for a0
    system_stm32f10x.o(.text) refers to system_stm32f10x.o(.data) for SystemCoreClock
    led.o(.text) refers to stm32f10x_rcc.o(.text) for RCC_APB2PeriphClockCmd
    led.o(.text) refers to stm32f10x_gpio.o(.text) for GPIO_Init
    key.o(.text) refers to stm32f10x_rcc.o(.text) for RCC_APB2PeriphClockCmd
    key.o(.text) refers to stm32f10x_gpio.o(.text) for GPIO_Init
    key.o(.text) refers to delay.o(.text) for delay_ms
    key.o(.text) refers to key.o(.data) for key_up
    timer.o(.text) refers to stm32f10x_rcc.o(.text) for RCC_APB2PeriphClockCmd
    timer.o(.text) refers to stm32f10x_tim.o(.text) for TIM_DeInit
    timer.o(.text) refers to stm32f10x_gpio.o(.text) for GPIO_Init
    timer.o(.text) refers to misc.o(.text) for NVIC_Init
    adc.o(.text) refers to stm32f10x_rcc.o(.text) for RCC_APB2PeriphClockCmd
    adc.o(.text) refers to stm32f10x_gpio.o(.text) for GPIO_Init
    adc.o(.text) refers to stm32f10x_adc.o(.text) for ADC_DeInit
    adc.o(.text) refers to delay.o(.text) for delay_ms
    adc.o(.text) refers to main.o(.bss) for b0
    5110.o(.text) refers to stm32f10x_rcc.o(.text) for RCC_APB2PeriphClockCmd
    5110.o(.text) refers to 5110.o(.data) for font6x8
    timer3.o(.text) refers to stm32f10x_rcc.o(.text) for RCC_APB1PeriphClockCmd
    timer3.o(.text) refers to stm32f10x_tim.o(.text) for TIM_TimeBaseInit
    timer3.o(.text) refers to misc.o(.text) for NVIC_Init
    timer3.o(.text) refers to stm32f10x_gpio.o(.text) for GPIO_Init
    control.o(.text) refers to stm32f10x_tim.o(.text) for TIM_GetITStatus
    control.o(.text) refers to dflt_clz.o(x$fpl$dflt) for __aeabi_i2d
    control.o(.text) refers to dmul.o(x$fpl$dmul) for __aeabi_dmul
    control.o(.text) refers to daddsub_clz.o(x$fpl$dsub) for __aeabi_dsub
    control.o(.text) refers to d2f.o(x$fpl$d2f) for __aeabi_d2f
    control.o(.text) refers to fflt_clz.o(x$fpl$fflt) for __aeabi_i2f
    control.o(.text) refers to f2d.o(x$fpl$f2d) for __aeabi_f2d
    control.o(.text) refers to faddsub_clz.o(x$fpl$fadd) for __aeabi_fadd
    control.o(.text) refers to faddsub_clz.o(x$fpl$fsub) for __aeabi_fsub
    control.o(.text) refers to fmul.o(x$fpl$fmul) for __aeabi_fmul
    control.o(.text) refers to ffix.o(x$fpl$ffix) for __aeabi_f2iz
    control.o(.text) refers to control.o(.data) for pwm
    control.o(.text) refers to main.o(.data) for a0
    delay.o(.text) refers to misc.o(.text) for SysTick_CLKSourceConfig
    delay.o(.text) refers to system_stm32f10x.o(.data) for SystemCoreClock
    delay.o(.text) refers to delay.o(.data) for fac_us
    usart.o(.text) refers (Special) to use_no_semi_2.o(.text) for __use_no_semihosting
    usart.o(.text) refers to stm32f10x_rcc.o(.text) for RCC_APB2PeriphClockCmd
    usart.o(.text) refers to stm32f10x_gpio.o(.text) for GPIO_Init
    usart.o(.text) refers to misc.o(.text) for NVIC_Init
    usart.o(.text) refers to stm32f10x_usart.o(.text) for USART_Init
    usart.o(.text) refers to usart.o(.data) for USART_RX_STA
    usart.o(.text) refers to usart.o(.bss) for USART_RX_BUF
    usart.o(.bss) refers (Special) to use_no_semi_2.o(.text) for __use_no_semihosting
    usart.o(.data) refers (Special) to use_no_semi_2.o(.text) for __use_no_semihosting
    startup_stm32f10x_hd.o(STACK) refers (Special) to heapauxi.o(.text) for __use_two_region_memory
    startup_stm32f10x_hd.o(HEAP) refers (Special) to heapauxi.o(.text) for __use_two_region_memory
    startup_stm32f10x_hd.o(RESET) refers (Special) to heapauxi.o(.text) for __use_two_region_memory
    startup_stm32f10x_hd.o(RESET) refers to startup_stm32f10x_hd.o(STACK) for __initial_sp
    startup_stm32f10x_hd.o(RESET) refers to startup_stm32f10x_hd.o(.text) for Reset_Handler
[...]
    ../clib/signal.c                         0x00000000   Number         0  defsig_other.o ABSOLUTE
    ../clib/signal.c                         0x00000000   Number         0  defsig_stak_inner.o ABSOLUTE
    ../clib/signal.c                         0x00000000   Number         0  defsig_pvfn_inner.o ABSOLUTE
    ../clib/signal.c                         0x00000000   Number         0  defsig_segv_inner.o ABSOLUTE
    ../clib/signal.c                         0x00000000   Number         0  defsig_cppl_inner.o ABSOLUTE
    ../clib/signal.c                         0x00000000   Number         0  defsig_rtmem_inner.o ABSOLUTE
    ../clib/signal.c                         0x00000000   Number         0  defsig_rtred_inner.o ABSOLUTE
    ../clib/signal.c                         0x00000000   Number         0  defsig_rtmem_formal.o ABSOLUTE
    ../clib/signal.c                         0x00000000   Number         0  defsig_rtmem_outer.o ABSOLUTE
    ../clib/signal.c                         0x00000000   Number         0  defsig_abrt_inner.o ABSOLUTE
    ../clib/signal.c                         0x00000000   Number         0  defsig_fpe_inner.o ABSOLUTE
    ../clib/signal.c                         0x00000000   Number         0  __raise.o ABSOLUTE
    ../clib/signal.s                         0x00000000   Number         0  defsig.o ABSOLUTE
    ../clib/stdlib.c                         0x00000000   Number         0  exit.o ABSOLUTE
    ../fplib/d2f.s                           0x00000000   Number         0  d2f.o ABSOLUTE
    ../fplib/daddsub.s                       0x00000000   Number         0  daddsub_clz.o ABSOLUTE
    ../fplib/dflt.s                          0x00000000   Number         0  dflt_clz.o ABSOLUTE
    ../fplib/dmul.s                          0x00000000   Number         0  dmul.o ABSOLUTE
    ../fplib/dnaninf.s                       0x00000000   Number         0  dnaninf.o ABSOLUTE
    ../fplib/dretinf.s                       0x00000000   Number         0  dretinf.o ABSOLUTE
    ../fplib/f2d.s                           0x00000000   Number         0  f2d.o ABSOLUTE
    ../fplib/faddsub.s                       0x00000000   Number         0  faddsub_clz.o ABSOLUTE
    ../fplib/ffix.s                          0x00000000   Number         0  ffix.o ABSOLUTE
    ../fplib/fflt.s                          0x00000000   Number         0  fflt_clz.o ABSOLUTE
    ../fplib/fmul.s                          0x00000000   Number         0  fmul.o ABSOLUTE
    ../fplib/fnaninf.s                       0x00000000   Number         0  fnaninf.o ABSOLUTE
    ../fplib/fpinit.s                        0x00000000   Number         0  fpinit.o ABSOLUTE
    ../fplib/fretinf.s                       0x00000000   Number         0  fretinf.o ABSOLUTE
    ../fplib/istatus.s                       0x00000000   Number         0  istatus.o ABSOLUTE
    ../fplib/printf1.s                       0x00000000   Number         0  printf1.o ABSOLUTE
    ../fplib/usenofp.s                       0x00000000   Number         0  usenofp.o ABSOLUTE
    ../mathlib/fpclassify.c                  0x00000000   Number         0  fpclassify.o ABSOLUTE
    ..\CORE\core_cm3.c                       0x00000000   Number         0  core_cm3.o ABSOLUTE
    ..\CORE\startup_stm32f10x_hd.s           0x00000000   Number         0  startup_stm32f10x_hd.o ABSOLUTE
    ..\HARDWARE\5110\5110.c                  0x00000000   Number         0  5110.o ABSOLUTE
    ..\HARDWARE\ADC\adc.c                    0x00000000   Number         0  adc.o ABSOLUTE
    ..\HARDWARE\Control\control.c            0x00000000   Number         0  control.o ABSOLUTE
    ..\HARDWARE\KEY\key.c                    0x00000000   Number         0  key.o ABSOLUTE
    ..\HARDWARE\LED\led.c                    0x00000000   Number         0  led.o ABSOLUTE
    ..\HARDWARE\Median_Filter\median_filter.c 0x00000000   Number         0  median_filter.o ABSOLUTE
    ..\HARDWARE\TIMER3\timer3.c              0x00000000   Number         0  timer3.o ABSOLUTE
    ..\HARDWARE\TIMER\timer.c                0x00000000   Number         0  timer.o ABSOLUTE
    ..\STM32F10x_FWLib\src\misc.c            0x00000000   Number         0  misc.o ABSOLUTE
    ..\STM32F10x_FWLib\src\stm32f10x_adc.c   0x00000000   Number         0  stm32f10x_adc.o ABSOLUTE
    ..\STM32F10x_FWLib\src\stm32f10x_gpio.c  0x00000000   Number         0  stm32f10x_gpio.o ABSOLUTE
    ..\STM32F10x_FWLib\src\stm32f10x_rcc.c   0x00000000   Number         0  stm32f10x_rcc.o ABSOLUTE
    ..\STM32F10x_FWLib\src\stm32f10x_tim.c   0x00000000   Number         0  stm32f10x_tim.o ABSOLUTE
    ..\STM32F10x_FWLib\src\stm32f10x_usart.c 0x00000000   Number         0  stm32f10x_usart.o ABSOLUTE
    ..\SYSTEM\delay\delay.c                  0x00000000   Number         0  delay.o ABSOLUTE
    ..\SYSTEM\sys\sys.c                      0x00000000   Number         0  sys.o ABSOLUTE
    ..\SYSTEM\usart\usart.c                  0x00000000   Number         0  usart.o ABSOLUTE
    ..\\CORE\\core_cm3.c                     0x00000000   Number         0  core_cm3.o ABSOLUTE
    ..\\SYSTEM\\sys\\sys.c                   0x00000000   Number         0  sys.o ABSOLUTE
    dc.s                                     0x00000000   Number         0  dc.o ABSOLUTE
    main.c                                   0x00000000   Number         0  main.o ABSOLUTE
    stm32f10x_it.c                           0x00000000   Number         0  stm32f10x_it.o ABSOLUTE
    system_stm32f10x.c                       0x00000000   Number         0  system_stm32f10x.o ABSOLUTE
    RESET                                    0x08000000   Section      304  startup_stm32f10x_hd.o(RESET)
    !!!main                                  0x08000130   Section        8  __main.o(!!!main)
    !!!scatter                               0x08000138   Section       52  __scatter.o(!!!scatter)
    !!dczerorl2                              0x0800016c   Section       90  __dczerorl2.o(!!dczerorl2)
    !!handler_zi                             0x080001c8   Section       28  __scatter_zi.o(!!handler_zi)
    .ARM.Collect$$_printf_percent$$00000000  0x080001e4   Section        0  _printf_percent.o(.ARM.Collect$$_printf_percent$$00000000)
    .ARM.Collect$$_printf_percent$$00000003  0x080001e4   Section        6  _printf_f.o(.ARM.Collect$$_printf_percent$$00000003)
    .ARM.Collect$$_printf_percent$$00000017  0x080001ea   Section        4  _printf_percent_end.o(.ARM.Collect$$_printf_percent$$00000017)
    .ARM.Collect$$libinit$$00000000          0x080001ee   Section        2  libinit.o(.ARM.Collect$$libinit$$00000000)
    .ARM.Collect$$libinit$$00000002          0x080001f0   Section        0  libinit2.o(.ARM.Collect$$libinit$$00000002)
    .ARM.Collect$$libinit$$00000004          0x080001f0   Section        0  libinit2.o(.ARM.Collect$$libinit$$00000004)
    .ARM.Collect$$libinit$$0000000A          0x080001f0   Section        0  libinit2.o(.ARM.Collect$$libinit$$0000000A)
    .ARM.Collect$$libinit$$0000000C          0x080001f0   Section        0  libinit2.o(.ARM.Collect$$libinit$$0000000C)
    .ARM.Collect$$libinit$$0000000E          0x080001f0   Section        0  libinit2.o(.ARM.Collect$$libinit$$0000000E)
    .ARM.Collect$$libinit$$0000000F          0x080001f0   Section        6  libinit2.o(.ARM.Collect$$libinit$$0000000F)
    .ARM.Collect$$libinit$$00000011          0x080001f6   Section        0  libinit2.o(.ARM.Collect$$libinit$$00000011)
    .ARM.Collect$$libinit$$00000013          0x080001f6   Section        0  libinit2.o(.ARM.Collect$$libinit$$00000013)
    .ARM.Collect$$libinit$$00000015          0x080001f6   Section        0  libinit2.o(.ARM.Collect$$libinit$$00000015)
    .ARM.Collect$$libinit$$00000016          0x080001f6   Section       10  libinit2.o(.ARM.Collect$$libinit$$00000016)
    .ARM.Collect$$libinit$$00000017          0x08000200   Section        0  libinit2.o(.ARM.Collect$$libinit$$00000017)
    .ARM.Collect$$libinit$$00000019          0x08000200   Section        0  libinit2.o(.ARM.Collect$$libinit$$00000019)
    .ARM.Collect$$libinit$$0000001B          0x08000200   Section        0  libinit2.o(.ARM.Collect$$libinit$$0000001B)
    .ARM.Collect$$libinit$$0000001D          0x08000200   Section        0  libinit2.o(.ARM.Collect$$libinit$$0000001D)
    .ARM.Collect$$libinit$$0000001F          0x08000200   Section        0  libinit2.o(.ARM.Collect$$libinit$$0000001F)
    .ARM.Collect$$libinit$$00000021          0x08000200   Section        0  libinit2.o(.ARM.Collect$$libinit$$00000021)
    .ARM.Collect$$libinit$$00000023          0x08000200   Section        0  libinit2.o(.ARM.Collect$$libinit$$00000023)
    .ARM.Collect$$libinit$$00000025          0x08000200   Section        0  libinit2.o(.ARM.Collect$$libinit$$00000025)
    .ARM.Collect$$libinit$$0000002C          0x08000200   Section        0  libinit2.o(.ARM.Collect$$libinit$$0000002C)
    .ARM.Collect$$libinit$$0000002E          0x08000200   Section        0  libinit2.o(.ARM.Collect$$libinit$$0000002E)
    .ARM.Collect$$libinit$$00000030          0x08000200   Section        0  libinit2.o(.ARM.Collect$$libinit$$00000030)
    .ARM.Collect$$libinit$$00000032          0x08000200   Section        0  libinit2.o(.ARM.Collect$$libinit$$00000032)
    .ARM.Collect$$libinit$$00000033          0x08000200   Section        2  libinit2.o(.ARM.Collect$$libinit$$00000033)
    .ARM.Collect$$libshutdown$$00000000      0x08000202   Section        2  libshutdown.o(.ARM.Collect$$libshutdown$$00000000)
    .ARM.Collect$$libshutdown$$00000003      0x08000204   Section        0  libshutdown2.o(.ARM.Collect$$libshutdown$$00000003)
    .ARM.Collect$$libshutdown$$00000006      0x08000204   Section        0  libshutdown2.o(.ARM.Collect$$libshutdown$$00000006)
    .ARM.Collect$$libshutdown$$00000009      0x08000204   Section        0  libshutdown2.o(.ARM.Collect$$libshutdown$$00000009)
    .ARM.Collect$$libshutdown$$0000000B      0x08000204   Section        0  libshutdown2.o(.ARM.Collect$$libshutdown$$0000000B)
    .ARM.Collect$$libshutdown$$0000000E      0x08000204   Section        0  libshutdown2.o(.ARM.Collect$$libshutdown$$0000000E)
    .ARM.Collect$$libshutdown$$0000000F      0x08000204   Section        2  libshutdown2.o(.ARM.Collect$$libshutdown$$0000000F)
    .ARM.Collect$$rtentry$$00000000          0x08000206   Section        0  __rtentry.o(.ARM.Collect$$rtentry$$00000000)
    .ARM.Collect$$rtentry$$00000002          0x08000206   Section        0  __rtentry2.o(.ARM.Collect$$rtentry$$00000002)
    .ARM.Collect$$rtentry$$00000004          0x08000206   Section        6  __rtentry4.o(.ARM.Collect$$rtentry$$00000004)
    .ARM.Collect$$rtentry$$00000009          0x0800020c   Section        0  __rtentry2.o(.ARM.Collect$$rtentry$$00000009)
    .ARM.Collect$$rtentry$$0000000A          0x0800020c   Section        4  __rtentry2.o(.ARM.Collect$$rtentry$$0000000A)
    .ARM.Collect$$rtentry$$0000000C          0x08000210   Section        0  __rtentry2.o(.ARM.Collect$$rtentry$$0000000C)
    .ARM.Collect$$rtentry$$0000000D          0x08000210   Section        8  __rtentry2.o(.ARM.Collect$$rtentry$$0000000D)
    .ARM.Collect$$rtexit$$00000000           0x08000218   Section        2  rtexit.o(.ARM.Collect$$rtexit$$00000000)
    .ARM.Collect$$rtexit$$00000002           0x0800021a   Section        0  rtexit2.o(.ARM.Collect$$rtexit$$00000002)
    .ARM.Collect$$rtexit$$00000003           0x0800021a   Section        4  rtexit2.o(.ARM.Collect$$rtexit$$00000003)
    .ARM.Collect$$rtexit$$00000004           0x0800021e   Section        6  rtexit2.o(.ARM.Collect$$rtexit$$00000004)
    .text                                    0x08000224   Section        0  main.o(.text)
    .text                                    0x0800047c   Section        0  stm32f10x_it.o(.text)
    .text                                    0x08000498   Section        0  system_stm32f10x.o(.text)
    SetSysClockTo72                          0x08000499   Thumb Code   214  system_stm32f10x.o(.text)
    SetSysClock                              0x0800056f   Thumb Code     8  system_stm32f10x.o(.text)
    .text                                    0x08000678   Section        0  led.o(.text)
    .text                                    0x080006c4   Section        0  timer.o(.text)
    .text                                    0x08000938   Section        0  adc.o(.text)
    .text                                    0x08000b18   Section        0  median_filter.o(.text)
    .text                                    0x08000ba0   Section        0  5110.o(.text)
    .text                                    0x08000ed4   Section        0  timer3.o(.text)
    .text                                    0x08000fd8   Section        0  control.o(.text)
    .text                                    0x08001190   Section        0  delay.o(.text)
    .text                                    0x08001264   Section        0  usart.o(.text)
    .text                                    0x080013a4   Section       64  startup_stm32f10x_hd.o(.text)
    .text                                    0x080013e4   Section        0  misc.o(.text)
    .text                                    0x080014c0   Section        0  stm32f10x_gpio.o(.text)
    .text                                    0x0800181c   Section        0  stm32f10x_rcc.o(.text)
    .text                                    0x08001bc0   Section        0  stm32f10x_tim.o(.text)
    TI4_Config                               0x08002067   Thumb Code   130  stm32f10x_tim.o(.text)
    TI3_Config                               0x080020fb   Thumb Code   122  stm32f10x_tim.o(.text)
    TI2_Config                               0x0800218f   Thumb Code   130  stm32f10x_tim.o(.text)
    TI1_Config                               0x08002223   Thumb Code   108  stm32f10x_tim.o(.text)
    .text                                    0x080029dc   Section        0  stm32f10x_usart.o(.text)
    .text                                    0x08002de4   Section        0  stm32f10x_adc.o(.text)
    .text                                    0x08003232   Section        2  use_no_semi_2.o(.text)
    .text                                    0x08003234   Section        0  noretval__2sprintf.o(.text)
    .text                                    0x0800325c   Section        0  __printf_wp.o(.text)
    .text                                    0x0800336a   Section        0  heapauxi.o(.text)
    .text                                    0x08003370   Section        2  use_no_semi.o(.text)
    .text                                    0x08003372   Section        0  _printf_fp_dec.o(.text)
    _fp_digits                               0x08003375   Thumb Code   428  _printf_fp_dec.o(.text)
    .text                                    0x0800378c   Section        0  _printf_char_common.o(.text)
    _printf_input_char                       0x0800378d   Thumb Code    10  _printf_char_common.o(.text)
    .text                                    0x080037bc   Section        0  _sputc.o(.text)
    .text                                    0x080037c8   Section        8  rt_locale_intlibspace.o(.text)
    .text                                    0x080037d0   Section      138  lludiv10.o(.text)
    .text                                    0x0800385c   Section        0  _printf_fp_infnan.o(.text)
    .text                                    0x080038dc   Section        0  bigflt0.o(.text)
    .text                                    0x080039b8   Section        8  libspace.o(.text)
    .text                                    0x080039c0   Section       74  sys_stackheap_outer.o(.text)
    .text                                    0x08003a0a   Section        0  exit.o(.text)
    .text                                    0x08003a18   Section      128  strcmpv7m.o(.text)
    CL$$btod_d2e                             0x08003a98   Section       62  btod.o(CL$$btod_d2e)
    CL$$btod_d2e_denorm_low                  0x08003ad6   Section       70  btod.o(CL$$btod_d2e_denorm_low)
    CL$$btod_d2e_norm_op1                    0x08003b1c   Section       96  btod.o(CL$$btod_d2e_norm_op1)
    CL$$btod_div_common                      0x08003b7c   Section      824  btod.o(CL$$btod_div_common)
    CL$$btod_e2e                             0x08003eb4   Section      198  btod.o(CL$$btod_e2e)
    CL$$btod_ediv                            0x08003f7a   Section       40  btod.o(CL$$btod_ediv)
    CL$$btod_emul                            0x08003fa2   Section       40  btod.o(CL$$btod_emul)
    CL$$btod_mult_common                     0x08003fca   Section      580  btod.o(CL$$btod_mult_common)
    i.__ARM_fpclassify                       0x0800420e   Section        0  fpclassify.o(i.__ARM_fpclassify)
    i._is_digit                              0x08004236   Section        0  __printf_wp.o(i._is_digit)
    locale$$code                             0x08004244   Section       44  lc_numeric_c.o(locale$$code)
    x$fpl$d2f                                0x08004270   Section       98  d2f.o(x$fpl$d2f)
    x$fpl$dadd                               0x080042d4   Section      336  daddsub_clz.o(x$fpl$dadd)
    _dadd1                                   0x080042e5   Thumb Code     0  daddsub_clz.o(x$fpl$dadd)
    x$fpl$dflt                               0x08004424   Section       46  dflt_clz.o(x$fpl$dflt)
    x$fpl$dmul                               0x08004454   Section      340  dmul.o(x$fpl$dmul)
    x$fpl$dnaninf                            0x080045a8   Section      156  dnaninf.o(x$fpl$dnaninf)
    x$fpl$dretinf                            0x08004644   Section       12  dretinf.o(x$fpl$dretinf)
    x$fpl$dsub                               0x08004650   Section      468  daddsub_clz.o(x$fpl$dsub)
    _dsub1                                   0x08004661   Thumb Code     0  daddsub_clz.o(x$fpl$dsub)
    x$fpl$f2d                                0x08004824   Section       86  f2d.o(x$fpl$f2d)
    x$fpl$fadd                               0x0800487c   Section      196  faddsub_clz.o(x$fpl$fadd)
    _fadd1                                   0x0800488b   Thumb Code     0  faddsub_clz.o(x$fpl$fadd)
    x$fpl$ffix                               0x08004940   Section       54  ffix.o(x$fpl$ffix)
    x$fpl$fflt                               0x08004978   Section       48  fflt_clz.o(x$fpl$fflt)
    x$fpl$fmul                               0x080049a8   Section      258  fmul.o(x$fpl$fmul)
    x$fpl$fnaninf                            0x08004aaa   Section      140  fnaninf.o(x$fpl$fnaninf)
    x$fpl$fretinf                            0x08004b36   Section       10  fretinf.o(x$fpl$fretinf)
    x$fpl$fsub                               0x08004b40   Section      234  faddsub_clz.o(x$fpl$fsub)
    _fsub1                                   0x08004b4f   Thumb Code     0  faddsub_clz.o(x$fpl$fsub)
    x$fpl$printf1                            0x08004c2a   Section        4  printf1.o(x$fpl$printf1)
    x$fpl$usenofp                            0x08004c2e   Section        0  usenofp.o(x$fpl$usenofp)
    .constdata                               0x08004c30   Section      148  bigflt0.o(.constdata)
    tenpwrs_x                                0x08004c30   Data          60  bigflt0.o(.constdata)
    tenpwrs_i                                0x08004c6c   Data          64  bigflt0.o(.constdata)
    locale$$data                             0x08004ce4   Section       28  lc_numeric_c.o(locale$$data)
    __lcnum_c_name                           0x08004ce8   Data           2  lc_numeric_c.o(locale$$data)
    __lcnum_c_start                          0x08004cf0   Data           0  lc_numeric_c.o(locale$$data)
    __lcnum_c_point                          0x08004cfc   Data           0  lc_numeric_c.o(locale$$data)
    __lcnum_c_thousands                      0x08004cfe   Data           0  lc_numeric_c.o(locale$$data)
    __lcnum_c_grouping                       0x08004cff   Data           0  lc_numeric_c.o(locale$$data)
    __lcnum_c_end                            0x08004d00   Data           0  lc_numeric_c.o(locale$$data)
    .data                                    0x20000000   Section      101  main.o(.data)
    .data                                    0x20000068   Section       20  system_stm32f10x.o(.data)
    .data                                    0x2000007c   Section      648  5110.o(.data)
    .data                                    0x20000304   Section       32  control.o(.data)
    Bias                                     0x20000314   Data           4  control.o(.data)
    Pwm                                      0x20000318   Data           4  control.o(.data)
    Integral_bias                            0x2000031c   Data           4  control.o(.data)
    Last_Bias                                0x20000320   Data           4  control.o(.data)
    .data                                    0x20000324   Section        4  delay.o(.data)
    fac_us                                   0x20000324   Data           1  delay.o(.data)
    fac_ms                                   0x20000326   Data           2  delay.o(.data)
    .data                                    0x20000328   Section        6  usart.o(.data)
    .data                                    0x2000032e   Section       20  stm32f10x_rcc.o(.data)
    APBAHBPrescTable                         0x2000032e   Data          16  stm32f10x_rcc.o(.data)
    ADCPrescTable                            0x2000033e   Data           4  stm32f10x_rcc.o(.data)
    .bss                                     0x20000344   Section     6416  main.o(.bss)
    .bss                                     0x20001c54   Section      200  usart.o(.bss)
    .bss                                     0x20001d1c   Section       96  libspace.o(.bss)
    HEAP                                     0x20001d80   Section      512  startup_stm32f10x_hd.o(HEAP)
    Heap_Mem                                 0x20001d80   Data         512  startup_stm32f10x_hd.o(HEAP)
    STACK                                    0x20001f80   Section     1024  startup_stm32f10x_hd.o(STACK)
    Stack_Mem                                0x20001f80   Data        1024  startup_stm32f10x_hd.o(STACK)
    __initial_sp                             0x20002380   Data           0  startup_stm32f10x_hd.o(STACK)

    Global Symbols

    Symbol Name                              Value     Ov Type        Size  Object(Section)

    BuildAttributes$$THM_ISAv4$P$D$K$B$S$PE$A:L22UL41UL21$X:L11$S22US41US21$IEEE1$IW$USESV6$~STKCKD$USESV7$~SHL$OTIME$ROPI$IEEEJ$EBA8$UX$STANDARDLIB$REQ8$PRES8$EABIv2 0x00000000   Number         0  anon$$obj.o ABSOLUTE
    __ARM_use_no_argv                        0x00000000   Number         0  main.o ABSOLUTE
    _printf_flags                            0x00000000   Number         0  printf_stubs.o ABSOLUTE
    _printf_return_value                     0x00000000   Number         0  printf_stubs.o ABSOLUTE
    _printf_sizespec                         0x00000000   Number         0  printf_stubs.o ABSOLUTE
    _printf_widthprec                        0x00000000   Number         0  printf_stubs.o ABSOLUTE
    __ARM_exceptions_init                     - Undefined Weak Reference
    __alloca_initialize                       - Undefined Weak Reference
    __arm_preinit_                            - Undefined Weak Reference
    __cpp_initialize__aeabi_                  - Undefined Weak Reference
    __cxa_finalize                            - Undefined Weak Reference
    __sigvec_lookup                           - Undefined Weak Reference
    _atexit_init                              - Undefined Weak Reference
    _call_atexit_fns                          - Undefined Weak Reference
    _clock_init                               - Undefined Weak Reference
    _fp_trap_init                             - Undefined Weak Reference
    _fp_trap_shutdown                         - Undefined Weak Reference
    _get_lc_collate                           - Undefined Weak Reference
    _get_lc_ctype                             - Undefined Weak Reference
    _get_lc_monetary                          - Undefined Weak Reference
    _get_lc_time                              - Undefined Weak Reference
    _getenv_init                              - Undefined Weak Reference
    _handle_redirection                       - Undefined Weak Reference
    _init_alloc                               - Undefined Weak Reference
    _init_user_alloc                          - Undefined Weak Reference
    _initio                                   - Undefined Weak Reference
    _printf_post_padding                      - Undefined Weak Reference
    _printf_pre_padding                       - Undefined Weak Reference
    _rand_init                                - Undefined Weak Reference
    _signal_finish                            - Undefined Weak Reference
    _signal_init                              - Undefined Weak Reference
    _terminate_alloc                          - Undefined Weak Reference
    _terminate_user_alloc                     - Undefined Weak Reference
    _terminateio                              - Undefined Weak Reference
    __Vectors_Size                           0x00000130   Number         0  startup_stm32f10x_hd.o ABSOLUTE
    __Vectors                                0x08000000   Data           4  startup_stm32f10x_hd.o(RESET)
    __Vectors_End                            0x08000130   Data           0  startup_stm32f10x_hd.o(RESET)
    __main                                   0x08000131   Thumb Code     8  __main.o(!!!main)
    __scatterload                            0x08000139   Thumb Code     0  __scatter.o(!!!scatter)
    __scatterload_rt2                        0x08000139   Thumb Code    44  __scatter.o(!!!scatter)
    __scatterload_rt2_thumb_only             0x08000139   Thumb Code     0  __scatter.o(!!!scatter)
    __scatterload_null                       0x08000147   Thumb Code     0  __scatter.o(!!!scatter)
    __decompress                             0x0800016d   Thumb Code    90  __dczerorl2.o(!!dczerorl2)
    __decompress1                            0x0800016d   Thumb Code     0  __dczerorl2.o(!!dczerorl2)
    __scatterload_zeroinit                   0x080001c9   Thumb Code    28  __scatter_zi.o(!!handler_zi)
    _printf_f                                0x080001e5   Thumb Code     0  _printf_f.o(.ARM.Collect$$_printf_percent$$00000003)
    _printf_percent                          0x080001e5   Thumb Code     0  _printf_percent.o(.ARM.Collect$$_printf_percent$$00000000)
    _printf_percent_end                      0x080001eb   Thumb Code     0  _printf_percent_end.o(.ARM.Collect$$_printf_percent$$00000017)
    __rt_lib_init                            0x080001ef   Thumb Code     0  libinit.o(.ARM.Collect$$libinit$$00000000)
    __rt_lib_init_fp_1                       0x080001f1   Thumb Code     0  libinit2.o(.ARM.Collect$$libinit$$00000002)
    __rt_lib_init_heap_1                     0x080001f1   Thumb Code     0  libinit2.o(.ARM.Collect$$libinit$$0000000A)
    __rt_lib_init_lc_common                  0x080001f1   Thumb Code     0  libinit2.o(.ARM.Collect$$libinit$$0000000F)
    __rt_lib_init_preinit_1                  0x080001f1   Thumb Code     0  libinit2.o(.ARM.Collect$$libinit$$00000004)
    __rt_lib_init_rand_1                     0x080001f1   Thumb Code     0  libinit2.o(.ARM.Collect$$libinit$$0000000E)
    __rt_lib_init_user_alloc_1               0x080001f1   Thumb Code     0  libinit2.o(.ARM.Collect$$libinit$$0000000C)
    __rt_lib_init_lc_collate_1               0x080001f7   Thumb Code     0  libinit2.o(.ARM.Collect$$libinit$$00000011)
    __rt_lib_init_lc_ctype_1                 0x080001f7   Thumb Code     0  libinit2.o(.ARM.Collect$$libinit$$00000013)
    __rt_lib_init_lc_monetary_1              0x080001f7   Thumb Code     0  libinit2.o(.ARM.Collect$$libinit$$00000015)
    __rt_lib_init_lc_numeric_2               0x080001f7   Thumb Code     0  libinit2.o(.ARM.Collect$$libinit$$00000016)
    __rt_lib_init_alloca_1                   0x08000201   Thumb Code     0  libinit2.o(.ARM.Collect$$libinit$$0000002E)
    __rt_lib_init_argv_1                     0x08000201   Thumb Code     0  libinit2.o(.ARM.Collect$$libinit$$0000002C)
    __rt_lib_init_atexit_1                   0x08000201   Thumb Code     0  libinit2.o(.ARM.Collect$$libinit$$0000001B)
    __rt_lib_init_clock_1                    0x08000201   Thumb Code     0  libinit2.o(.ARM.Collect$$libinit$$00000021)
    __rt_lib_init_cpp_1                      0x08000201   Thumb Code     0  libinit2.o(.ARM.Collect$$libinit$$00000032)
    __rt_lib_init_exceptions_1               0x08000201   Thumb Code     0  libinit2.o(.ARM.Collect$$libinit$$00000030)
    __rt_lib_init_fp_trap_1                  0x08000201   Thumb Code     0  libinit2.o(.ARM.Collect$$libinit$$0000001F)
    __rt_lib_init_getenv_1                   0x08000201   Thumb Code     0  libinit2.o(.ARM.Collect$$libinit$$00000023)
    __rt_lib_init_lc_numeric_1               0x08000201   Thumb Code     0  libinit2.o(.ARM.Collect$$libinit$$00000017)
    __rt_lib_init_lc_time_1                  0x08000201   Thumb Code     0  libinit2.o(.ARM.Collect$$libinit$$00000019)
    __rt_lib_init_return                     0x08000201   Thumb Code     0  libinit2.o(.ARM.Collect$$libinit$$00000033)
    __rt_lib_init_signal_1                   0x08000201   Thumb Code     0  libinit2.o(.ARM.Collect$$libinit$$0000001D)
    __rt_lib_init_stdio_1                    0x08000201   Thumb Code     0  libinit2.o(.ARM.Collect$$libinit$$00000025)
    __rt_lib_shutdown                        0x08000203   Thumb Code     0  libshutdown.o(.ARM.Collect$$libshutdown$$00000000)
    __rt_lib_shutdown_fp_trap_1              0x08000205   Thumb Code     0  libshutdown2.o(.ARM.Collect$$libshutdown$$00000006)
    __rt_lib_shutdown_heap_1                 0x08000205   Thumb Code     0  libshutdown2.o(.ARM.Collect$$libshutdown$$0000000E)
    __rt_lib_shutdown_return                 0x08000205   Thumb Code     0  libshutdown2.o(.ARM.Collect$$libshutdown$$0000000F)
    __rt_lib_shutdown_signal_1               0x08000205   Thumb Code     0  libshutdown2.o(.ARM.Collect$$libshutdown$$00000009)
    __rt_lib_shutdown_stdio_1                0x08000205   Thumb Code     0  libshutdown2.o(.ARM.Collect$$libshutdown$$00000003)
    __rt_lib_shutdown_user_alloc_1           0x08000205   Thumb Code     0  libshutdown2.o(.ARM.Collect$$libshutdown$$0000000B)
    __rt_entry                               0x08000207   Thumb Code     0  __rtentry.o(.ARM.Collect$$rtentry$$00000000)
    __rt_entry_presh_1                       0x08000207   Thumb Code     0  __rtentry2.o(.ARM.Collect$$rtentry$$00000002)
    __rt_entry_sh                            0x08000207   Thumb Code     0  __rtentry4.o(.ARM.Collect$$rtentry$$00000004)
    __rt_entry_li                            0x0800020d   Thumb Code     0  __rtentry2.o(.ARM.Collect$$rtentry$$0000000A)
    __rt_entry_postsh_1                      0x0800020d   Thumb Code     0  __rtentry2.o(.ARM.Collect$$rtentry$$00000009)
    __rt_entry_main                          0x08000211   Thumb Code     0  __rtentry2.o(.ARM.Collect$$rtentry$$0000000D)
    __rt_entry_postli_1                      0x08000211   Thumb Code     0  __rtentry2.o(.ARM.Collect$$rtentry$$0000000C)
    __rt_exit                                0x08000219   Thumb Code     0  rtexit.o(.ARM.Collect$$rtexit$$00000000)
    __rt_exit_ls                             0x0800021b   Thumb Code     0  rtexit2.o(.ARM.Collect$$rtexit$$00000003)
    __rt_exit_prels_1                        0x0800021b   Thumb Code     0  rtexit2.o(.ARM.Collect$$rtexit$$00000002)
    __rt_exit_exit                           0x0800021f   Thumb Code     0  rtexit2.o(.ARM.Collect$$rtexit$$00000004)
    main                                     0x08000225   Thumb Code   448  main.o(.text)
    NMI_Handler                              0x0800047d   Thumb Code     2  stm32f10x_it.o(.text)
    HardFault_Handler                        0x0800047f   Thumb Code     4  stm32f10x_it.o(.text)
    MemManage_Handler                        0x08000483   Thumb Code     4  stm32f10x_it.o(.text)
    BusFault_Handler                         0x08000487   Thumb Code     4  stm32f10x_it.o(.text)
    UsageFault_Handler                       0x0800048b   Thumb Code     4  stm32f10x_it.o(.text)
    SVC_Handler                              0x0800048f   Thumb Code     2  stm32f10x_it.o(.text)
    DebugMon_Handler                         0x08000491   Thumb Code     2  stm32f10x_it.o(.text)
    PendSV_Handler                           0x08000493   Thumb Code     2  stm32f10x_it.o(.text)
    SysTick_Handler                          0x08000495   Thumb Code     2  stm32f10x_it.o(.text)
    SystemInit                               0x08000577   Thumb Code    78  system_stm32f10x.o(.text)
    SystemCoreClockUpdate                    0x080005c5   Thumb Code   142  system_stm32f10x.o(.text)
    LED_Init                                 0x08000679   Thumb Code    68  led.o(.text)
    TIM1_PWM_Init                            0x080006c5   Thumb Code   310  timer.o(.text)
    TIM1_CC_IRQHandler                       0x080007fb   Thumb Code    18  timer.o(.text)
    TIM8_PWM_Init                            0x0800080d   Thumb Code   280  timer.o(.text)
    Adc_Init                                 0x08000939   Thumb Code   226  adc.o(.text)
    Get_Adc                                  0x08000a1b   Thumb Code    46  adc.o(.text)
    Get_Adc_Average                          0x08000a49   Thumb Code    46  adc.o(.text)
    Get_Adc_Window00                         0x08000a77   Thumb Code    34  adc.o(.text)
    Get_Adc_Window11                         0x08000a99   Thumb Code    34  adc.o(.text)
    Get_Adc_Window22                         0x08000abb   Thumb Code    34  adc.o(.text)
    Get_Adc_Window33                         0x08000add   Thumb Code    34  adc.o(.text)
    GetMedianNum                             0x08000b19   Thumb Code   136  median_filter.o(.text)
    delay_1us                                0x08000ba1   Thumb Code    26  5110.o(.text)
    delay_1ms                                0x08000bbb   Thumb Code    26  5110.o(.text)
    delay_nms                                0x08000bd5   Thumb Code    22  5110.o(.text)
    LCD_write_byte                           0x08000beb   Thumb Code    92  5110.o(.text)
    LCD_clear                                0x08000c47   Thumb Code    40  5110.o(.text)
    LCD_init                                 0x08000c6f   Thumb Code   250  5110.o(.text)
    LCD_set_XY                               0x08000d69   Thumb Code    28  5110.o(.text)
    LCD_write_char                           0x08000d85   Thumb Code    42  5110.o(.text)
    LCD_write_english_string                 0x08000daf   Thumb Code    34  5110.o(.text)
    LCD_write_chinese_string                 0x08000dd1   Thumb Code   132  5110.o(.text)
    LCD_draw_bmp_pixel                       0x08000e55   Thumb Code   112  5110.o(.text)
    TIM3_Int_Init                            0x08000ed5   Thumb Code    90  timer3.o(.text)
    TIM4_PWM_Init                            0x08000f2f   Thumb Code   158  timer3.o(.text)
    limit_pwm                                0x08000fd9   Thumb Code    32  control.o(.text)
    TIM3_IRQHandler                          0x08000ff9   Thumb Code   182  control.o(.text)
    Position_PID                             0x080010af   Thumb Code   126  control.o(.text)
    delay_init                               0x08001191   Thumb Code    50  delay.o(.text)
    delay_us                                 0x080011c3   Thumb Code    72  delay.o(.text)
    delay_ms                                 0x0800120b   Thumb Code    72  delay.o(.text)
    _sys_exit                                0x08001265   Thumb Code     6  usart.o(.text)
    fputc                                    0x0800126b   Thumb Code    24  usart.o(.text)
    uart_init                                0x08001283   Thumb Code   152  usart.o(.text)
    USART1_IRQHandler                        0x0800131b   Thumb Code   122  usart.o(.text)
    Reset_Handler                            0x080013a5   Thumb Code     8  startup_stm32f10x_hd.o(.text)
    ADC1_2_IRQHandler                        0x080013bf   Thumb Code     0  startup_stm32f10x_hd.o(.text)
    ADC3_IRQHandler                          0x080013bf   Thumb Code     0  startup_stm32f10x_hd.o(.text)
    CAN1_RX1_IRQHandler                      0x080013bf   Thumb Code     0  startup_stm32f10x_hd.o(.text)
    CAN1_SCE_IRQHandler                      0x080013bf   Thumb Code     0  startup_stm32f10x_hd.o(.text)
    DMA1_Channel1_IRQHandler                 0x080013bf   Thumb Code     0  startup_stm32f10x_hd.o(.text)
    DMA1_Channel2_IRQHandler                 0x080013bf   Thumb Code     0  startup_stm32f10x_hd.o(.text)
    DMA1_Channel3_IRQHandler                 0x080013bf   Thumb Code     0  startup_stm32f10x_hd.o(.text)
    DMA1_Channel4_IRQHandler                 0x080013bf   Thumb Code     0  startup_stm32f10x_hd.o(.text)
    DMA1_Channel5_IRQHandler                 0x080013bf   Thumb Code     0  startup_stm32f10x_hd.o(.text)
    DMA1_Channel6_IRQHandler                 0x080013bf   Thumb Code     0  startup_stm32f10x_hd.o(.text)
    DMA1_Channel7_IRQHandler                 0x080013bf   Thumb Code     0  startup_stm32f10x_hd.o(.text)
    DMA2_Channel1_IRQHandler                 0x080013bf   Thumb Code     0  startup_stm32f10x_hd.o(.text)
    DMA2_Channel2_IRQHandler                 0x080013bf   Thumb Code     0  startup_stm32f10x_hd.o(.text)
    DMA2_Channel3_IRQHandler                 0x080013bf   Thumb Code     0  startup_stm32f10x_hd.o(.text)
    DMA2_Channel4_5_IRQHandler               0x080013bf   Thumb Code     0  startup_stm32f10x_hd.o(.text)
    EXTI0_IRQHandler                         0x080013bf   Thumb Code     0  startup_stm32f10x_hd.o(.text)
    EXTI15_10_IRQHandler                     0x080013bf   Thumb Code     0  startup_stm32f10x_hd.o(.text)
    EXTI1_IRQHandler                         0x080013bf   Thumb Code     0  startup_stm32f10x_hd.o(.text)
    EXTI2_IRQHandler                         0x080013bf   Thumb Code     0  startup_stm32f10x_hd.o(.text)
    EXTI3_IRQHandler                         0x080013bf   Thumb Code     0  startup_stm32f10x_hd.o(.text)
    EXTI4_IRQHandler                         0x080013bf   Thumb Code     0  startup_stm32f10x_hd.o(.text)
    EXTI9_5_IRQHandler                       0x080013bf   Thumb Code     0  startup_stm32f10x_hd.o(.text)
    FLASH_IRQHandler                         0x080013bf   Thumb Code     0  startup_stm32f10x_hd.o(.text)
    FSMC_IRQHandler                          0x080013bf   Thumb Code     0  startup_stm32f10x_hd.o(.text)
    I2C1_ER_IRQHandler                       0x080013bf   Thumb Code     0  startup_stm32f10x_hd.o(.text)
    I2C1_EV_IRQHandler                       0x080013bf   Thumb Code     0  startup_stm32f10x_hd.o(.text)
    I2C2_ER_IRQHandler                       0x080013bf   Thumb Code     0  startup_stm32f10x_hd.o(.text)
    I2C2_EV_IRQHandler                       0x080013bf   Thumb Code     0  startup_stm32f10x_hd.o(.text)
    PVD_IRQHandler                           0x080013bf   Thumb Code     0  startup_stm32f10x_hd.o(.text)
    RCC_IRQHandler                           0x080013bf   Thumb Code     0  startup_stm32f10x_hd.o(.text)
    RTCAlarm_IRQHandler                      0x080013bf   Thumb Code     0  startup_stm32f10x_hd.o(.text)
    RTC_IRQHandler                           0x080013bf   Thumb Code     0  startup_stm32f10x_hd.o(.text)
    SDIO_IRQHandler                          0x080013bf   Thumb Code     0  startup_stm32f10x_hd.o(.text)
    SPI1_IRQHandler                          0x080013bf   Thumb Code     0  startup_stm32f10x_hd.o(.text)
    SPI2_IRQHandler                          0x080013bf   Thumb Code     0  startup_stm32f10x_hd.o(.text)
    SPI3_IRQHandler                          0x080013bf   Thumb Code     0  startup_stm32f10x_hd.o(.text)
    TAMPER_IRQHandler                        0x080013bf   Thumb Code     0  startup_stm32f10x_hd.o(.text)
    TIM1_BRK_IRQHandler                      0x080013bf   Thumb Code     0  startup_stm32f10x_hd.o(.text)
    TIM1_TRG_COM_IRQHandler                  0x080013bf   Thumb Code     0  startup_stm32f10x_hd.o(.text)
    TIM1_UP_IRQHandler                       0x080013bf   Thumb Code     0  startup_stm32f10x_hd.o(.text)
    TIM2_IRQHandler                          0x080013bf   Thumb Code     0  startup_stm32f10x_hd.o(.text)
    TIM4_IRQHandler                          0x080013bf   Thumb Code     0  startup_stm32f10x_hd.o(.text)
    TIM5_IRQHandler                          0x080013bf   Thumb Code     0  startup_stm32f10x_hd.o(.text)
    TIM6_IRQHandler                          0x080013bf   Thumb Code     0  startup_stm32f10x_hd.o(.text)
    TIM7_IRQHandler                          0x080013bf   Thumb Code     0  startup_stm32f10x_hd.o(.text)
    TIM8_BRK_IRQHandler                      0x080013bf   Thumb Code     0  startup_stm32f10x_hd.o(.text)
    TIM8_CC_IRQHandler                       0x080013bf   Thumb Code     0  startup_stm32f10x_hd.o(.text)
    TIM8_TRG_COM_IRQHandler                  0x080013bf   Thumb Code     0  startup_stm32f10x_hd.o(.text)
    TIM8_UP_IRQHandler                       0x080013bf   Thumb Code     0  startup_stm32f10x_hd.o(.text)
    UART4_IRQHandler                         0x080013bf   Thumb Code     0  startup_stm32f10x_hd.o(.text)
    UART5_IRQHandler                         0x080013bf   Thumb Code     0  startup_stm32f10x_hd.o(.text)
    USART2_IRQHandler                        0x080013bf   Thumb Code     0  startup_stm32f10x_hd.o(.text)
    USART3_IRQHandler                        0x080013bf   Thumb Code     0  startup_stm32f10x_hd.o(.text)
    USBWakeUp_IRQHandler                     0x080013bf   Thumb Code     0  startup_stm32f10x_hd.o(.text)
    USB_HP_CAN1_TX_IRQHandler                0x080013bf   Thumb Code     0  startup_stm32f10x_hd.o(.text)
    USB_LP_CAN1_RX0_IRQHandler               0x080013bf   Thumb Code     0  startup_stm32f10x_hd.o(.text)
    WWDG_IRQHandler                          0x080013bf   Thumb Code     0  startup_stm32f10x_hd.o(.text)
    __user_initial_stackheap                 0x080013c1   Thumb Code     0  startup_stm32f10x_hd.o(.text)
    NVIC_PriorityGroupConfig                 0x080013e5   Thumb Code    10  misc.o(.text)
    NVIC_Init                                0x080013ef   Thumb Code   100  misc.o(.text)
    NVIC_SetVectorTable                      0x08001453   Thumb Code    14  misc.o(.text)
    NVIC_SystemLPConfig                      0x08001461   Thumb Code    34  misc.o(.text)
    SysTick_CLKSourceConfig                  0x08001483   Thumb Code    40  misc.o(.text)
    GPIO_DeInit                              0x080014c1   Thumb Code   172  stm32f10x_gpio.o(.text)
    GPIO_AFIODeInit                          0x0800156d   Thumb Code    20  stm32f10x_gpio.o(.text)
    GPIO_Init                                0x08001581   Thumb Code   278  stm32f10x_gpio.o(.text)
    GPIO_StructInit                          0x08001697   Thumb Code    16  stm32f10x_gpio.o(.text)
    GPIO_ReadInputDataBit                    0x080016a7   Thumb Code    18  stm32f10x_gpio.o(.text)
    GPIO_ReadInputData                       0x080016b9   Thumb Code     8  stm32f10x_gpio.o(.text)
    GPIO_ReadOutputDataBit                   0x080016c1   Thumb Code    18  stm32f10x_gpio.o(.text)
    GPIO_ReadOutputData                      0x080016d3   Thumb Code     8  stm32f10x_gpio.o(.text)
    GPIO_SetBits                             0x080016db   Thumb Code     4  stm32f10x_gpio.o(.text)
    GPIO_ResetBits                           0x080016df   Thumb Code     4  stm32f10x_gpio.o(.text)
    GPIO_WriteBit                            0x080016e3   Thumb Code    10  stm32f10x_gpio.o(.text)
    GPIO_Write                               0x080016ed   Thumb Code     4  stm32f10x_gpio.o(.text)
    GPIO_PinLockConfig                       0x080016f1   Thumb Code    18  stm32f10x_gpio.o(.text)
    GPIO_EventOutputConfig                   0x08001703   Thumb Code    26  stm32f10x_gpio.o(.text)
    GPIO_EventOutputCmd                      0x0800171d   Thumb Code     6  stm32f10x_gpio.o(.text)
    GPIO_PinRemapConfig                      0x08001723   Thumb Code   138  stm32f10x_gpio.o(.text)
    GPIO_EXTILineConfig                      0x080017ad   Thumb Code    66  stm32f10x_gpio.o(.text)
    GPIO_ETH_MediaInterfaceConfig            0x080017ef   Thumb Code     8  stm32f10x_gpio.o(.text)
    RCC_DeInit                               0x0800181d   Thumb Code    64  stm32f10x_rcc.o(.text)
    RCC_HSEConfig                            0x0800185d   Thumb Code    70  stm32f10x_rcc.o(.text)
    RCC_GetFlagStatus                        0x080018a3   Thumb Code    56  stm32f10x_rcc.o(.text)
    RCC_WaitForHSEStartUp                    0x080018db   Thumb Code    56  stm32f10x_rcc.o(.text)
    RCC_AdjustHSICalibrationValue            0x08001913   Thumb Code    20  stm32f10x_rcc.o(.text)
    RCC_HSICmd                               0x08001927   Thumb Code     6  stm32f10x_rcc.o(.text)
    RCC_PLLConfig                            0x0800192d   Thumb Code    24  stm32f10x_rcc.o(.text)
    RCC_PLLCmd                               0x08001945   Thumb Code     6  stm32f10x_rcc.o(.text)
    RCC_SYSCLKConfig                         0x0800194b   Thumb Code    18  stm32f10x_rcc.o(.text)
    RCC_GetSYSCLKSource                      0x0800195d   Thumb Code    10  stm32f10x_rcc.o(.text)
    RCC_HCLKConfig                           0x08001967   Thumb Code    18  stm32f10x_rcc.o(.text)
    RCC_PCLK1Config                          0x08001979   Thumb Code    18  stm32f10x_rcc.o(.text)
    RCC_PCLK2Config                          0x0800198b   Thumb Code    20  stm32f10x_rcc.o(.text)
    RCC_ITConfig                             0x0800199f   Thumb Code    26  stm32f10x_rcc.o(.text)
    RCC_USBCLKConfig                         0x080019b9   Thumb Code     8  stm32f10x_rcc.o(.text)
    RCC_ADCCLKConfig                         0x080019c1   Thumb Code    18  stm32f10x_rcc.o(.text)
    RCC_LSEConfig                            0x080019d3   Thumb Code    50  stm32f10x_rcc.o(.text)
    RCC_LSICmd                               0x08001a05   Thumb Code     6  stm32f10x_rcc.o(.text)
    RCC_RTCCLKConfig                         0x08001a0b   Thumb Code    12  stm32f10x_rcc.o(.text)
    RCC_RTCCLKCmd                            0x08001a17   Thumb Code     8  stm32f10x_rcc.o(.text)
    RCC_GetClocksFreq                        0x08001a1f   Thumb Code   192  stm32f10x_rcc.o(.text)
    RCC_AHBPeriphClockCmd                    0x08001adf   Thumb Code    26  stm32f10x_rcc.o(.text)
    RCC_APB2PeriphClockCmd                   0x08001af9   Thumb Code    26  stm32f10x_rcc.o(.text)
    RCC_APB1PeriphClockCmd                   0x08001b13   Thumb Code    26  stm32f10x_rcc.o(.text)
    RCC_APB2PeriphResetCmd                   0x08001b2d   Thumb Code    26  stm32f10x_rcc.o(.text)
    RCC_APB1PeriphResetCmd                   0x08001b47   Thumb Code    26  stm32f10x_rcc.o(.text)
    RCC_BackupResetCmd                       0x08001b61   Thumb Code     8  stm32f10x_rcc.o(.text)
    RCC_ClockSecuritySystemCmd               0x08001b69   Thumb Code     6  stm32f10x_rcc.o(.text)
    RCC_MCOConfig                            0x08001b6f   Thumb Code     6  stm32f10x_rcc.o(.text)
    RCC_ClearFlag                            0x08001b75   Thumb Code    14  stm32f10x_rcc.o(.text)
    RCC_GetITStatus                          0x08001b83   Thumb Code    20  stm32f10x_rcc.o(.text)
    RCC_ClearITPendingBit                    0x08001b97   Thumb Code     6  stm32f10x_rcc.o(.text)
    TIM_DeInit                               0x08001bc1   Thumb Code   424  stm32f10x_tim.o(.text)
    TIM_TimeBaseInit                         0x08001d69   Thumb Code   122  stm32f10x_tim.o(.text)
    TIM_OC1Init                              0x08001de3   Thumb Code   132  stm32f10x_tim.o(.text)
    TIM_OC2Init                              0x08001e67   Thumb Code   154  stm32f10x_tim.o(.text)
    TIM_OC3Init                              0x08001f01   Thumb Code   150  stm32f10x_tim.o(.text)
    TIM_OC4Init                              0x08001f97   Thumb Code   182  stm32f10x_tim.o(.text)
    TIM_SetIC4Prescaler                      0x0800204d   Thumb Code    26  stm32f10x_tim.o(.text)
    TIM_SetIC3Prescaler                      0x080020e9   Thumb Code    18  stm32f10x_tim.o(.text)
    TIM_SetIC2Prescaler                      0x08002175   Thumb Code    26  stm32f10x_tim.o(.text)
    TIM_SetIC1Prescaler                      0x08002211   Thumb Code    18  stm32f10x_tim.o(.text)
    TIM_ICInit                               0x0800228f   Thumb Code   150  stm32f10x_tim.o(.text)
    TIM_PWMIConfig                           0x08002325   Thumb Code   124  stm32f10x_tim.o(.text)
    TIM_BDTRConfig                           0x080023a1   Thumb Code    32  stm32f10x_tim.o(.text)
    TIM_TimeBaseStructInit                   0x080023c1   Thumb Code    18  stm32f10x_tim.o(.text)
    TIM_OCStructInit                         0x080023d3   Thumb Code    20  stm32f10x_tim.o(.text)
    TIM_ICStructInit                         0x080023e7   Thumb Code    18  stm32f10x_tim.o(.text)
    TIM_BDTRStructInit                       0x080023f9   Thumb Code    40  stm32f10x_tim.o(.text)
    TIM_Cmd                                  0x08002421   Thumb Code    24  stm32f10x_tim.o(.text)
    TIM_CtrlPWMOutputs                       0x08002439   Thumb Code    30  stm32f10x_tim.o(.text)
    TIM_ITConfig                             0x08002457   Thumb Code    18  stm32f10x_tim.o(.text)
    TIM_GenerateEvent                        0x08002469   Thumb Code     4  stm32f10x_tim.o(.text)
    TIM_DMAConfig                            0x0800246d   Thumb Code    10  stm32f10x_tim.o(.text)
    TIM_DMACmd                               0x08002477   Thumb Code    18  stm32f10x_tim.o(.text)
    TIM_InternalClockConfig                  0x08002489   Thumb Code    12  stm32f10x_tim.o(.text)
    TIM_SelectInputTrigger                   0x08002495   Thumb Code    18  stm32f10x_tim.o(.text)
    TIM_ITRxExternalClockConfig              0x080024a7   Thumb Code    24  stm32f10x_tim.o(.text)
    TIM_TIxExternalClockConfig               0x080024bf   Thumb Code    62  stm32f10x_tim.o(.text)
    TIM_ETRConfig                            0x080024fd   Thumb Code    28  stm32f10x_tim.o(.text)
    TIM_ETRClockMode1Config                  0x08002519   Thumb Code    54  stm32f10x_tim.o(.text)
    TIM_ETRClockMode2Config                  0x0800254f   Thumb Code    32  stm32f10x_tim.o(.text)
    TIM_PrescalerConfig                      0x0800256f   Thumb Code     6  stm32f10x_tim.o(.text)
    TIM_CounterModeConfig                    0x08002575   Thumb Code    18  stm32f10x_tim.o(.text)
    TIM_EncoderInterfaceConfig               0x08002587   Thumb Code    66  stm32f10x_tim.o(.text)
    TIM_ForcedOC1Config                      0x080025c9   Thumb Code    18  stm32f10x_tim.o(.text)
    TIM_ForcedOC2Config                      0x080025db   Thumb Code    26  stm32f10x_tim.o(.text)
    TIM_ForcedOC3Config                      0x080025f5   Thumb Code    18  stm32f10x_tim.o(.text)
    TIM_ForcedOC4Config                      0x08002607   Thumb Code    26  stm32f10x_tim.o(.text)
    TIM_ARRPreloadConfig                     0x08002621   Thumb Code    24  stm32f10x_tim.o(.text)
    TIM_SelectCOM                            0x08002639   Thumb Code    24  stm32f10x_tim.o(.text)
    TIM_SelectCCDMA                          0x08002651   Thumb Code    24  stm32f10x_tim.o(.text)
    TIM_CCPreloadControl                     0x08002669   Thumb Code    24  stm32f10x_tim.o(.text)
    TIM_OC1PreloadConfig                     0x08002681   Thumb Code    18  stm32f10x_tim.o(.text)
    TIM_OC2PreloadConfig                     0x08002693   Thumb Code    26  stm32f10x_tim.o(.text)
    TIM_OC3PreloadConfig                     0x080026ad   Thumb Code    18  stm32f10x_tim.o(.text)
    TIM_OC4PreloadConfig                     0x080026bf   Thumb Code    26  stm32f10x_tim.o(.text)
    TIM_OC1FastConfig                        0x080026d9   Thumb Code    18  stm32f10x_tim.o(.text)
    TIM_OC2FastConfig                        0x080026eb   Thumb Code    26  stm32f10x_tim.o(.text)
    TIM_OC3FastConfig                        0x08002705   Thumb Code    18  stm32f10x_tim.o(.text)
    TIM_OC4FastConfig                        0x08002717   Thumb Code    26  stm32f10x_tim.o(.text)
    TIM_ClearOC1Ref                          0x08002731   Thumb Code    18  stm32f10x_tim.o(.text)
    TIM_ClearOC2Ref                          0x08002743   Thumb Code    24  stm32f10x_tim.o(.text)
    TIM_ClearOC3Ref                          0x0800275b   Thumb Code    18  stm32f10x_tim.o(.text)
    TIM_ClearOC4Ref                          0x0800276d   Thumb Code    24  stm32f10x_tim.o(.text)
    TIM_OC1PolarityConfig                    0x08002785   Thumb Code    18  stm32f10x_tim.o(.text)
    TIM_OC1NPolarityConfig                   0x08002797   Thumb Code    18  stm32f10x_tim.o(.text)
    TIM_OC2PolarityConfig                    0x080027a9   Thumb Code    26  stm32f10x_tim.o(.text)
    TIM_OC2NPolarityConfig                   0x080027c3   Thumb Code    26  stm32f10x_tim.o(.text)
    TIM_OC3PolarityConfig                    0x080027dd   Thumb Code    26  stm32f10x_tim.o(.text)
    TIM_OC3NPolarityConfig                   0x080027f7   Thumb Code    26  stm32f10x_tim.o(.text)
    TIM_OC4PolarityConfig                    0x08002811   Thumb Code    26  stm32f10x_tim.o(.text)
    TIM_CCxCmd                               0x0800282b   Thumb Code    30  stm32f10x_tim.o(.text)
    TIM_CCxNCmd                              0x08002849   Thumb Code    30  stm32f10x_tim.o(.text)
    TIM_SelectOCxM                           0x08002867   Thumb Code    82  stm32f10x_tim.o(.text)
    TIM_UpdateDisableConfig                  0x080028b9   Thumb Code    24  stm32f10x_tim.o(.text)
    TIM_UpdateRequestConfig                  0x080028d1   Thumb Code    24  stm32f10x_tim.o(.text)
    TIM_SelectHallSensor                     0x080028e9   Thumb Code    24  stm32f10x_tim.o(.text)
    TIM_SelectOnePulseMode                   0x08002901   Thumb Code    18  stm32f10x_tim.o(.text)
    TIM_SelectOutputTrigger                  0x08002913   Thumb Code    18  stm32f10x_tim.o(.text)
    TIM_SelectSlaveMode                      0x08002925   Thumb Code    18  stm32f10x_tim.o(.text)
    TIM_SelectMasterSlaveMode                0x08002937   Thumb Code    18  stm32f10x_tim.o(.text)
    TIM_SetCounter                           0x08002949   Thumb Code     4  stm32f10x_tim.o(.text)
    TIM_SetAutoreload                        0x0800294d   Thumb Code     4  stm32f10x_tim.o(.text)
    TIM_SetCompare1                          0x08002951   Thumb Code     4  stm32f10x_tim.o(.text)
    TIM_SetCompare2                          0x08002955   Thumb Code     4  stm32f10x_tim.o(.text)
    TIM_SetCompare3                          0x08002959   Thumb Code     4  stm32f10x_tim.o(.text)
    TIM_SetCompare4                          0x0800295d   Thumb Code     6  stm32f10x_tim.o(.text)
    TIM_SetClockDivision                     0x08002963   Thumb Code    18  stm32f10x_tim.o(.text)
    TIM_GetCapture1                          0x08002975   Thumb Code     6  stm32f10x_tim.o(.text)
    TIM_GetCapture2                          0x0800297b   Thumb Code     6  stm32f10x_tim.o(.text)
    TIM_GetCapture3                          0x08002981   Thumb Code     6  stm32f10x_tim.o(.text)
    TIM_GetCapture4                          0x08002987   Thumb Code     8  stm32f10x_tim.o(.text)
    TIM_GetCounter                           0x0800298f   Thumb Code     6  stm32f10x_tim.o(.text)
    TIM_GetPrescaler                         0x08002995   Thumb Code     6  stm32f10x_tim.o(.text)
    TIM_GetFlagStatus                        0x0800299b   Thumb Code    18  stm32f10x_tim.o(.text)
    TIM_ClearFlag                            0x080029ad   Thumb Code     6  stm32f10x_tim.o(.text)
    TIM_GetITStatus                          0x080029b3   Thumb Code    34  stm32f10x_tim.o(.text)
    TIM_ClearITPendingBit                    0x080029d5   Thumb Code     6  stm32f10x_tim.o(.text)
    USART_DeInit                             0x080029dd   Thumb Code   134  stm32f10x_usart.o(.text)
    USART_Init                               0x08002a63   Thumb Code   210  stm32f10x_usart.o(.text)
    USART_StructInit                         0x08002b35   Thumb Code    24  stm32f10x_usart.o(.text)
    USART_ClockInit                          0x08002b4d   Thumb Code    34  stm32f10x_usart.o(.text)
    USART_ClockStructInit                    0x08002b6f   Thumb Code    12  stm32f10x_usart.o(.text)
    USART_Cmd                                0x08002b7b   Thumb Code    24  stm32f10x_usart.o(.text)
    USART_ITConfig                           0x08002b93   Thumb Code    74  stm32f10x_usart.o(.text)
    USART_DMACmd                             0x08002bdd   Thumb Code    18  stm32f10x_usart.o(.text)
    USART_SetAddress                         0x08002bef   Thumb Code    18  stm32f10x_usart.o(.text)
    USART_WakeUpConfig                       0x08002c01   Thumb Code    18  stm32f10x_usart.o(.text)
    USART_ReceiverWakeUpCmd                  0x08002c13   Thumb Code    24  stm32f10x_usart.o(.text)
    USART_LINBreakDetectLengthConfig         0x08002c2b   Thumb Code    18  stm32f10x_usart.o(.text)
    USART_LINCmd                             0x08002c3d   Thumb Code    24  stm32f10x_usart.o(.text)
    USART_SendData                           0x08002c55   Thumb Code     8  stm32f10x_usart.o(.text)
    USART_ReceiveData                        0x08002c5d   Thumb Code    10  stm32f10x_usart.o(.text)
    USART_SendBreak                          0x08002c67   Thumb Code    10  stm32f10x_usart.o(.text)
    USART_SetGuardTime                       0x08002c71   Thumb Code    16  stm32f10x_usart.o(.text)
    USART_SetPrescaler                       0x08002c81   Thumb Code    16  stm32f10x_usart.o(.text)
    USART_SmartCardCmd                       0x08002c91   Thumb Code    24  stm32f10x_usart.o(.text)
    USART_SmartCardNACKCmd                   0x08002ca9   Thumb Code    24  stm32f10x_usart.o(.text)
    USART_HalfDuplexCmd                      0x08002cc1   Thumb Code    24  stm32f10x_usart.o(.text)
    USART_OverSampling8Cmd                   0x08002cd9   Thumb Code    22  stm32f10x_usart.o(.text)
    USART_OneBitMethodCmd                    0x08002cef   Thumb Code    24  stm32f10x_usart.o(.text)
    USART_IrDAConfig                         0x08002d07   Thumb Code    18  stm32f10x_usart.o(.text)
    USART_IrDACmd                            0x08002d19   Thumb Code    24  stm32f10x_usart.o(.text)
    USART_GetFlagStatus                      0x08002d31   Thumb Code    26  stm32f10x_usart.o(.text)
    USART_ClearFlag                          0x08002d4b   Thumb Code    18  stm32f10x_usart.o(.text)
    USART_GetITStatus                        0x08002d5d   Thumb Code    84  stm32f10x_usart.o(.text)
    USART_ClearITPendingBit                  0x08002db1   Thumb Code    52  stm32f10x_usart.o(.text)
    ADC_DeInit                               0x08002de5   Thumb Code    78  stm32f10x_adc.o(.text)
    ADC_Init                                 0x08002e33   Thumb Code    70  stm32f10x_adc.o(.text)
    ADC_StructInit                           0x08002e79   Thumb Code    18  stm32f10x_adc.o(.text)
    ADC_Cmd                                  0x08002e8b   Thumb Code    22  stm32f10x_adc.o(.text)
    ADC_DMACmd                               0x08002ea1   Thumb Code    22  stm32f10x_adc.o(.text)
    ADC_ITConfig                             0x08002eb7   Thumb Code    24  stm32f10x_adc.o(.text)
    ADC_ResetCalibration                     0x08002ecf   Thumb Code    10  stm32f10x_adc.o(.text)
    ADC_GetResetCalibrationStatus            0x08002ed9   Thumb Code    20  stm32f10x_adc.o(.text)
    ADC_StartCalibration                     0x08002eed   Thumb Code    10  stm32f10x_adc.o(.text)
    ADC_GetCalibrationStatus                 0x08002ef7   Thumb Code    20  stm32f10x_adc.o(.text)
    ADC_SoftwareStartConvCmd                 0x08002f0b   Thumb Code    22  stm32f10x_adc.o(.text)
    ADC_GetSoftwareStartConvStatus           0x08002f21   Thumb Code    20  stm32f10x_adc.o(.text)
    ADC_DiscModeChannelCountConfig           0x08002f35   Thumb Code    24  stm32f10x_adc.o(.text)
    ADC_DiscModeCmd                          0x08002f4d   Thumb Code    22  stm32f10x_adc.o(.text)
    ADC_RegularChannelConfig                 0x08002f63   Thumb Code   184  stm32f10x_adc.o(.text)
    ADC_ExternalTrigConvCmd                  0x0800301b   Thumb Code    22  stm32f10x_adc.o(.text)
    ADC_GetConversionValue                   0x08003031   Thumb Code     8  stm32f10x_adc.o(.text)
    ADC_GetDualModeConversionValue           0x08003039   Thumb Code     8  stm32f10x_adc.o(.text)
    ADC_AutoInjectedConvCmd                  0x08003041   Thumb Code    22  stm32f10x_adc.o(.text)
    ADC_InjectedDiscModeCmd                  0x08003057   Thumb Code    22  stm32f10x_adc.o(.text)
    ADC_ExternalTrigInjectedConvConfig       0x0800306d   Thumb Code    16  stm32f10x_adc.o(.text)
    ADC_ExternalTrigInjectedConvCmd          0x0800307d   Thumb Code    22  stm32f10x_adc.o(.text)
    ADC_SoftwareStartInjectedConvCmd         0x08003093   Thumb Code    22  stm32f10x_adc.o(.text)
    ADC_GetSoftwareStartInjectedConvCmdStatus 0x080030a9   Thumb Code    20  stm32f10x_adc.o(.text)
    ADC_InjectedChannelConfig                0x080030bd   Thumb Code   130  stm32f10x_adc.o(.text)
    ADC_InjectedSequencerLengthConfig        0x0800313f   Thumb Code    24  stm32f10x_adc.o(.text)
    ADC_SetInjectedOffset                    0x08003157   Thumb Code    20  stm32f10x_adc.o(.text)
    ADC_GetInjectedConversionValue           0x0800316b   Thumb Code    28  stm32f10x_adc.o(.text)
    ADC_AnalogWatchdogCmd                    0x08003187   Thumb Code    16  stm32f10x_adc.o(.text)
    ADC_AnalogWatchdogThresholdsConfig       0x08003197   Thumb Code     6  stm32f10x_adc.o(.text)
    ADC_AnalogWatchdogSingleChannelConfig    0x0800319d   Thumb Code    16  stm32f10x_adc.o(.text)
    ADC_TempSensorVrefintCmd                 0x080031ad   Thumb Code    64  stm32f10x_adc.o(.text)
    ADC_GetFlagStatus                        0x080031ed   Thumb Code    18  stm32f10x_adc.o(.text)
    ADC_ClearFlag                            0x080031ff   Thumb Code     6  stm32f10x_adc.o(.text)
    ADC_GetITStatus                          0x08003205   Thumb Code    36  stm32f10x_adc.o(.text)
    ADC_ClearITPendingBit                    0x08003229   Thumb Code    10  stm32f10x_adc.o(.text)
    __use_no_semihosting                     0x08003233   Thumb Code     2  use_no_semi_2.o(.text)
    __2sprintf                               0x08003235   Thumb Code    34  noretval__2sprintf.o(.text)
    __printf                                 0x0800325d   Thumb Code   270  __printf_wp.o(.text)
    __use_two_region_memory                  0x0800336b   Thumb Code     2  heapauxi.o(.text)
    __rt_heap_escrow$2region                 0x0800336d   Thumb Code     2  heapauxi.o(.text)
    __rt_heap_expand$2region                 0x0800336f   Thumb Code     2  heapauxi.o(.text)
    __I$use$semihosting                      0x08003371   Thumb Code     0  use_no_semi.o(.text)
    __use_no_semihosting_swi                 0x08003371   Thumb Code     2  use_no_semi.o(.text)
    __lib_sel_fp_printf                      0x08003373   Thumb Code     2  _printf_fp_dec.o(.text)
    _printf_fp_dec_real                      0x08003521   Thumb Code   620  _printf_fp_dec.o(.text)
    _printf_char_common                      0x08003797   Thumb Code    32  _printf_char_common.o(.text)
    _sputc                                   0x080037bd   Thumb Code    10  _sputc.o(.text)
    __rt_locale                              0x080037c9   Thumb Code     8  rt_locale_intlibspace.o(.text)
    _ll_udiv10                               0x080037d1   Thumb Code   138  lludiv10.o(.text)
    _printf_fp_infnan                        0x0800385d   Thumb Code   112  _printf_fp_infnan.o(.text)
    _btod_etento                             0x080038dd   Thumb Code   216  bigflt0.o(.text)
    __user_libspace                          0x080039b9   Thumb Code     8  libspace.o(.text)
    __user_perproc_libspace                  0x080039b9   Thumb Code     0  libspace.o(.text)
    __user_perthread_libspace                0x080039b9   Thumb Code     0  libspace.o(.text)
    __user_setup_stackheap                   0x080039c1   Thumb Code    74  sys_stackheap_outer.o(.text)
    exit                                     0x08003a0b   Thumb Code    12  exit.o(.text)
    strcmp                                   0x08003a19   Thumb Code   128  strcmpv7m.o(.text)
    _btod_d2e                                0x08003a99   Thumb Code    62  btod.o(CL$$btod_d2e)
    _d2e_denorm_low                          0x08003ad7   Thumb Code    70  btod.o(CL$$btod_d2e_denorm_low)
    _d2e_norm_op1                            0x08003b1d   Thumb Code    96  btod.o(CL$$btod_d2e_norm_op1)
    __btod_div_common                        0x08003b7d   Thumb Code   696  btod.o(CL$$btod_div_common)
    _e2e                                     0x08003eb5   Thumb Code   198  btod.o(CL$$btod_e2e)
    _btod_ediv                               0x08003f7b   Thumb Code    40  btod.o(CL$$btod_ediv)
    _btod_emul                               0x08003fa3   Thumb Code    40  btod.o(CL$$btod_emul)
    __btod_mult_common                       0x08003fcb   Thumb Code   580  btod.o(CL$$btod_mult_common)
    __ARM_fpclassify                         0x0800420f   Thumb Code    40  fpclassify.o(i.__ARM_fpclassify)
    _is_digit                                0x08004237   Thumb Code    14  __printf_wp.o(i._is_digit)
    _get_lc_numeric                          0x08004245   Thumb Code    44  lc_numeric_c.o(locale$$code)
    __aeabi_d2f                              0x08004271   Thumb Code     0  d2f.o(x$fpl$d2f)
    _d2f                                     0x08004271   Thumb Code    98  d2f.o(x$fpl$d2f)
    __aeabi_dadd                             0x080042d5   Thumb Code     0  daddsub_clz.o(x$fpl$dadd)
    _dadd                                    0x080042d5   Thumb Code   332  daddsub_clz.o(x$fpl$dadd)
    __aeabi_i2d                              0x08004425   Thumb Code     0  dflt_clz.o(x$fpl$dflt)
    _dflt                                    0x08004425   Thumb Code    46  dflt_clz.o(x$fpl$dflt)
    __aeabi_dmul                             0x08004455   Thumb Code     0  dmul.o(x$fpl$dmul)
    _dmul                                    0x08004455   Thumb Code   332  dmul.o(x$fpl$dmul)
    __fpl_dnaninf                            0x080045a9   Thumb Code   156  dnaninf.o(x$fpl$dnaninf)
    __fpl_dretinf                            0x08004645   Thumb Code    12  dretinf.o(x$fpl$dretinf)
    __aeabi_dsub                             0x08004651   Thumb Code     0  daddsub_clz.o(x$fpl$dsub)
    _dsub                                    0x08004651   Thumb Code   464  daddsub_clz.o(x$fpl$dsub)
    __aeabi_f2d                              0x08004825   Thumb Code     0  f2d.o(x$fpl$f2d)
    _f2d                                     0x08004825   Thumb Code    86  f2d.o(x$fpl$f2d)
    __aeabi_fadd                             0x0800487d   Thumb Code     0  faddsub_clz.o(x$fpl$fadd)
    _fadd                                    0x0800487d   Thumb Code   196  faddsub_clz.o(x$fpl$fadd)
    __aeabi_f2iz                             0x08004941   Thumb Code     0  ffix.o(x$fpl$ffix)
    _ffix                                    0x08004941   Thumb Code    54  ffix.o(x$fpl$ffix)
    __aeabi_i2f                              0x08004979   Thumb Code     0  fflt_clz.o(x$fpl$fflt)
    _fflt                                    0x08004979   Thumb Code    48  fflt_clz.o(x$fpl$fflt)
    __aeabi_fmul                             0x080049a9   Thumb Code     0  fmul.o(x$fpl$fmul)
    _fmul                                    0x080049a9   Thumb Code   258  fmul.o(x$fpl$fmul)
    __fpl_fnaninf                            0x08004aab   Thumb Code   140  fnaninf.o(x$fpl$fnaninf)
    __fpl_fretinf                            0x08004b37   Thumb Code    10  fretinf.o(x$fpl$fretinf)
    __aeabi_fsub                             0x08004b41   Thumb Code     0  faddsub_clz.o(x$fpl$fsub)
    _fsub                                    0x08004b41   Thumb Code   234  faddsub_clz.o(x$fpl$fsub)
    _printf_fp_dec                           0x08004c2b   Thumb Code     4  printf1.o(x$fpl$printf1)
    __I$use$fp                               0x08004c2e   Number         0  usenofp.o(x$fpl$usenofp)
    Region$$Table$$Base                      0x08004cc4   Number         0  anon$$obj.o(Region$$Table)
    Region$$Table$$Limit                     0x08004ce4   Number         0  anon$$obj.o(Region$$Table)
    adcx0                                    0x20000000   Data           2  main.o(.data)
    adcx1                                    0x20000002   Data           2  main.o(.data)
    adcx2                                    0x20000004   Data           2  main.o(.data)
    adcx3                                    0x20000006   Data           2  main.o(.data)
    temp0                                    0x20000008   Data           4  main.o(.data)
    temp1                                    0x2000000c   Data           4  main.o(.data)
    temp2                                    0x20000010   Data           4  main.o(.data)
    temp3                                    0x20000014   Data           4  main.o(.data)
    temp                                     0x20000018   Data           4  main.o(.data)
    a1                                       0x2000001c   Data           4  main.o(.data)
    a2                                       0x20000020   Data           4  main.o(.data)
    a3                                       0x20000024   Data           4  main.o(.data)
    a0                                       0x20000028   Data           4  main.o(.data)
    a                                        0x2000002c   Data           4  main.o(.data)
    I1                                       0x20000030   Data           2  main.o(.data)
    time0                                    0x20000032   Data           1  main.o(.data)
    time1                                    0x20000033   Data           1  main.o(.data)
    time2                                    0x20000034   Data           1  main.o(.data)
    time3                                    0x20000035   Data           1  main.o(.data)
    str0                                     0x20000036   Data          10  main.o(.data)
    str1                                     0x20000040   Data          10  main.o(.data)
    str2                                     0x2000004a   Data          10  main.o(.data)
    str3                                     0x20000054   Data          10  main.o(.data)
    Target_Uo                                0x20000060   Data           4  main.o(.data)
    D                                        0x20000064   Data           1  main.o(.data)
    SystemCoreClock                          0x20000068   Data           4  system_stm32f10x.o(.data)
    AHBPrescTable                            0x2000006c   Data          16  system_stm32f10x.o(.data)
    font6x8                                  0x2000007c   Data         552  5110.o(.data)
    write_chinese                            0x200002a4   Data          96  5110.o(.data)
    pwm                                      0x20000304   Data           4  control.o(.data)
    Position_KP                              0x20000308   Data           4  control.o(.data)
    Position_KI                              0x2000030c   Data           4  control.o(.data)
    Position_KD                              0x20000310   Data           4  control.o(.data)
    __stdout                                 0x20000328   Data           4  usart.o(.data)
    USART_RX_STA                             0x2000032c   Data           2  usart.o(.data)
    b0                                       0x20000344   Data         800  main.o(.bss)
    b1                                       0x20000664   Data         800  main.o(.bss)
    b2                                       0x20000984   Data         800  main.o(.bss)
    b3                                       0x20000ca4   Data         800  main.o(.bss)
    c0                                       0x20000fc4   Data         804  main.o(.bss)
    c1                                       0x200012e8   Data         804  main.o(.bss)
    c2                                       0x2000160c   Data         804  main.o(.bss)
    c3                                       0x20001930   Data         804  main.o(.bss)
    USART_RX_BUF                             0x20001c54   Data         200  usart.o(.bss)
    __libspace_start                         0x20001d1c   Data          96  libspace.o(.bss)
    __temporary_stack_top$libspace           0x20001d7c   Data           0  libspace.o(.bss)



==============================================================================

Memory Map of the image

  Image Entry point : 0x08000131

  Load Region LR_IROM1 (Base: 0x08000000, Size: 0x00005044, Max: 0x00080000, ABSOLUTE, COMPRESSED[0x00004f40])

    Execution Region ER_IROM1 (Base: 0x08000000, Size: 0x00004d00, Max: 0x00080000, ABSOLUTE)

    Base Addr    Size         Type   Attr      Idx    E Section Name        Object

    0x08000000   0x00000130   Data   RO          384    RESET               startup_stm32f10x_hd.o
    0x08000130   0x00000008   Code   RO          497  * !!!main             c_w.l(__main.o)
    0x08000138   0x00000034   Code   RO          752    !!!scatter          c_w.l(__scatter.o)
    0x0800016c   0x0000005a   Code   RO          750    !!dczerorl2         c_w.l(__dczerorl2.o)
    0x080001c6   0x00000002   PAD
    0x080001c8   0x0000001c   Code   RO          754    !!handler_zi        c_w.l(__scatter_zi.o)
    0x080001e4   0x00000000   Code   RO          494    .ARM.Collect$$_printf_percent$$00000000  c_w.l(_printf_percent.o)
    0x080001e4   0x00000006   Code   RO          493    .ARM.Collect$$_printf_percent$$00000003  c_w.l(_printf_f.o)
    0x080001ea   0x00000004   Code   RO          546    .ARM.Collect$$_printf_percent$$00000017  c_w.l(_printf_percent_end.o)
    0x080001ee   0x00000002   Code   RO          628    .ARM.Collect$$libinit$$00000000  c_w.l(libinit.o)
    0x080001f0   0x00000000   Code   RO          630    .ARM.Collect$$libinit$$00000002  c_w.l(libinit2.o)
    0x080001f0   0x00000000   Code   RO          632    .ARM.Collect$$libinit$$00000004  c_w.l(libinit2.o)
    0x080001f0   0x00000000   Code   RO          635    .ARM.Collect$$libinit$$0000000A  c_w.l(libinit2.o)
    0x080001f0   0x00000000   Code   RO          637    .ARM.Collect$$libinit$$0000000C  c_w.l(libinit2.o)
    0x080001f0   0x00000000   Code   RO          639    .ARM.Collect$$libinit$$0000000E  c_w.l(libinit2.o)
    0x080001f0   0x00000006   Code   RO          640    .ARM.Collect$$libinit$$0000000F  c_w.l(libinit2.o)
    0x080001f6   0x00000000   Code   RO          642    .ARM.Collect$$libinit$$00000011  c_w.l(libinit2.o)
    0x080001f6   0x00000000   Code   RO          644    .ARM.Collect$$libinit$$00000013  c_w.l(libinit2.o)
    0x080001f6   0x00000000   Code   RO          646    .ARM.Collect$$libinit$$00000015  c_w.l(libinit2.o)
    0x080001f6   0x0000000a   Code   RO          647    .ARM.Collect$$libinit$$00000016  c_w.l(libinit2.o)
    0x08000200   0x00000000   Code   RO          648    .ARM.Collect$$libinit$$00000017  c_w.l(libinit2.o)
    0x08000200   0x00000000   Code   RO          650    .ARM.Collect$$libinit$$00000019  c_w.l(libinit2.o)
    0x08000200   0x00000000   Code   RO          652    .ARM.Collect$$libinit$$0000001B  c_w.l(libinit2.o)
    0x08000200   0x00000000   Code   RO          654    .ARM.Collect$$libinit$$0000001D  c_w.l(libinit2.o)
    0x08000200   0x00000000   Code   RO          656    .ARM.Collect$$libinit$$0000001F  c_w.l(libinit2.o)
    0x08000200   0x00000000   Code   RO          658    .ARM.Collect$$libinit$$00000021  c_w.l(libinit2.o)
    0x08000200   0x00000000   Code   RO          660    .ARM.Collect$$libinit$$00000023  c_w.l(libinit2.o)
    0x08000200   0x00000000   Code   RO          662    .ARM.Collect$$libinit$$00000025  c_w.l(libinit2.o)
    0x08000200   0x00000000   Code   RO          666    .ARM.Collect$$libinit$$0000002C  c_w.l(libinit2.o)
    0x08000200   0x00000000   Code   RO          668    .ARM.Collect$$libinit$$0000002E  c_w.l(libinit2.o)
    0x08000200   0x00000000   Code   RO          670    .ARM.Collect$$libinit$$00000030  c_w.l(libinit2.o)
    0x08000200   0x00000000   Code   RO          672    .ARM.Collect$$libinit$$00000032  c_w.l(libinit2.o)
    0x08000200   0x00000002   Code   RO          673    .ARM.Collect$$libinit$$00000033  c_w.l(libinit2.o)
    0x08000202   0x00000002   Code   RO          701    .ARM.Collect$$libshutdown$$00000000  c_w.l(libshutdown.o)
    0x08000204   0x00000000   Code   RO          711    .ARM.Collect$$libshutdown$$00000003  c_w.l(libshutdown2.o)
    0x08000204   0x00000000   Code   RO          714    .ARM.Collect$$libshutdown$$00000006  c_w.l(libshutdown2.o)
    0x08000204   0x00000000   Code   RO          717    .ARM.Collect$$libshutdown$$00000009  c_w.l(libshutdown2.o)
    0x08000204   0x00000000   Code   RO          719    .ARM.Collect$$libshutdown$$0000000B  c_w.l(libshutdown2.o)
    0x08000204   0x00000000   Code   RO          722    .ARM.Collect$$libshutdown$$0000000E  c_w.l(libshutdown2.o)
    0x08000204   0x00000002   Code   RO          723    .ARM.Collect$$libshutdown$$0000000F  c_w.l(libshutdown2.o)
    0x08000206   0x00000000   Code   RO          539    .ARM.Collect$$rtentry$$00000000  c_w.l(__rtentry.o)
    0x08000206   0x00000000   Code   RO          557    .ARM.Collect$$rtentry$$00000002  c_w.l(__rtentry2.o)
    0x08000206   0x00000006   Code   RO          569    .ARM.Collect$$rtentry$$00000004  c_w.l(__rtentry4.o)
    0x0800020c   0x00000000   Code   RO          559    .ARM.Collect$$rtentry$$00000009  c_w.l(__rtentry2.o)
    0x0800020c   0x00000004   Code   RO          560    .ARM.Collect$$rtentry$$0000000A  c_w.l(__rtentry2.o)
    0x08000210   0x00000000   Code   RO          562    .ARM.Collect$$rtentry$$0000000C  c_w.l(__rtentry2.o)
    0x08000210   0x00000008   Code   RO          563    .ARM.Collect$$rtentry$$0000000D  c_w.l(__rtentry2.o)
    0x08000218   0x00000002   Code   RO          674    .ARM.Collect$$rtexit$$00000000  c_w.l(rtexit.o)
    0x0800021a   0x00000000   Code   RO          681    .ARM.Collect$$rtexit$$00000002  c_w.l(rtexit2.o)
    0x0800021a   0x00000004   Code   RO          682    .ARM.Collect$$rtexit$$00000003  c_w.l(rtexit2.o)
    0x0800021e   0x00000006   Code   RO          683    .ARM.Collect$$rtexit$$00000004  c_w.l(rtexit2.o)
    0x08000224   0x00000258   Code   RO            1    .text               main.o
    0x0800047c   0x0000001a   Code   RO          138    .text               stm32f10x_it.o
    0x08000496   0x00000002   PAD
    0x08000498   0x000001e0   Code   RO          179    .text               system_stm32f10x.o
    0x08000678   0x0000004c   Code   RO          197    .text               led.o
    0x080006c4   0x00000274   Code   RO          222    .text               timer.o
    0x08000938   0x000001e0   Code   RO          234    .text               adc.o
    0x08000b18   0x00000088   Code   RO          250    .text               median_filter.o
    0x08000ba0   0x00000334   Code   RO          262    .text               5110.o
    0x08000ed4   0x00000104   Code   RO          283    .text               timer3.o
    0x08000fd8   0x000001b8   Code   RO          299    .text               control.o
    0x08001190   0x000000d4   Code   RO          318    .text               delay.o
    0x08001264   0x00000140   Code   RO          349    .text               usart.o
    0x080013a4   0x00000040   Code   RO          385    .text               startup_stm32f10x_hd.o
    0x080013e4   0x000000dc   Code   RO          389    .text               misc.o
    0x080014c0   0x0000035c   Code   RO          401    .text               stm32f10x_gpio.o
    0x0800181c   0x000003a4   Code   RO          413    .text               stm32f10x_rcc.o
    0x08001bc0   0x00000e1a   Code   RO          427    .text               stm32f10x_tim.o
    0x080029da   0x00000002   PAD
    0x080029dc   0x00000408   Code   RO          439    .text               stm32f10x_usart.o
    0x08002de4   0x0000044e   Code   RO          451    .text               stm32f10x_adc.o
    0x08003232   0x00000002   Code   RO          465    .text               c_w.l(use_no_semi_2.o)
    0x08003234   0x00000028   Code   RO          469    .text               c_w.l(noretval__2sprintf.o)
    0x0800325c   0x0000010e   Code   RO          481    .text               c_w.l(__printf_wp.o)
    0x0800336a   0x00000006   Code   RO          495    .text               c_w.l(heapauxi.o)
    0x08003370   0x00000002   Code   RO          537    .text               c_w.l(use_no_semi.o)
    0x08003372   0x0000041a   Code   RO          540    .text               c_w.l(_printf_fp_dec.o)
    0x0800378c   0x00000030   Code   RO          542    .text               c_w.l(_printf_char_common.o)
    0x080037bc   0x0000000a   Code   RO          544    .text               c_w.l(_sputc.o)
    0x080037c6   0x00000002   PAD
    0x080037c8   0x00000008   Code   RO          574    .text               c_w.l(rt_locale_intlibspace.o)
    0x080037d0   0x0000008a   Code   RO          576    .text               c_w.l(lludiv10.o)
    0x0800385a   0x00000002   PAD
    0x0800385c   0x00000080   Code   RO          578    .text               c_w.l(_printf_fp_infnan.o)
    0x080038dc   0x000000dc   Code   RO          582    .text               c_w.l(bigflt0.o)
    0x080039b8   0x00000008   Code   RO          614    .text               c_w.l(libspace.o)
    0x080039c0   0x0000004a   Code   RO          617    .text               c_w.l(sys_stackheap_outer.o)
    0x08003a0a   0x0000000c   Code   RO          619    .text               c_w.l(exit.o)
    0x08003a16   0x00000002   PAD
    0x08003a18   0x00000080   Code   RO          621    .text               c_w.l(strcmpv7m.o)
    0x08003a98   0x0000003e   Code   RO          585    CL$$btod_d2e        c_w.l(btod.o)
    0x08003ad6   0x00000046   Code   RO          587    CL$$btod_d2e_denorm_low  c_w.l(btod.o)
    0x08003b1c   0x00000060   Code   RO          586    CL$$btod_d2e_norm_op1  c_w.l(btod.o)
    0x08003b7c   0x00000338   Code   RO          595    CL$$btod_div_common  c_w.l(btod.o)
    0x08003eb4   0x000000c6   Code   RO          592    CL$$btod_e2e        c_w.l(btod.o)
    0x08003f7a   0x00000028   Code   RO          589    CL$$btod_ediv       c_w.l(btod.o)
    0x08003fa2   0x00000028   Code   RO          588    CL$$btod_emul       c_w.l(btod.o)
    0x08003fca   0x00000244   Code   RO          594    CL$$btod_mult_common  c_w.l(btod.o)
    0x0800420e   0x00000028   Code   RO          612    i.__ARM_fpclassify  m_ws.l(fpclassify.o)
    0x08004236   0x0000000e   Code   RO          483    i._is_digit         c_w.l(__printf_wp.o)
    0x08004244   0x0000002c   Code   RO          608    locale$$code        c_w.l(lc_numeric_c.o)
    0x08004270   0x00000062   Code   RO          499    x$fpl$d2f           fz_ws.l(d2f.o)
    0x080042d2   0x00000002   PAD
    0x080042d4   0x00000150   Code   RO          501    x$fpl$dadd          fz_ws.l(daddsub_clz.o)
    0x08004424   0x0000002e   Code   RO          508    x$fpl$dflt          fz_ws.l(dflt_clz.o)
    0x08004452   0x00000002   PAD
    0x08004454   0x00000154   Code   RO          513    x$fpl$dmul          fz_ws.l(dmul.o)
    0x080045a8   0x0000009c   Code   RO          547    x$fpl$dnaninf       fz_ws.l(dnaninf.o)
    0x08004644   0x0000000c   Code   RO          549    x$fpl$dretinf       fz_ws.l(dretinf.o)
    0x08004650   0x000001d4   Code   RO          503    x$fpl$dsub          fz_ws.l(daddsub_clz.o)
    0x08004824   0x00000056   Code   RO          515    x$fpl$f2d           fz_ws.l(f2d.o)
    0x0800487a   0x00000002   PAD
    0x0800487c   0x000000c4   Code   RO          517    x$fpl$fadd          fz_ws.l(faddsub_clz.o)
    0x08004940   0x00000036   Code   RO          523    x$fpl$ffix          fz_ws.l(ffix.o)
    0x08004976   0x00000002   PAD
    0x08004978   0x00000030   Code   RO          528    x$fpl$fflt          fz_ws.l(fflt_clz.o)
    0x080049a8   0x00000102   Code   RO          533    x$fpl$fmul          fz_ws.l(fmul.o)
    0x08004aaa   0x0000008c   Code   RO          551    x$fpl$fnaninf       fz_ws.l(fnaninf.o)
    0x08004b36   0x0000000a   Code   RO          553    x$fpl$fretinf       fz_ws.l(fretinf.o)
    0x08004b40   0x000000ea   Code   RO          519    x$fpl$fsub          fz_ws.l(faddsub_clz.o)
    0x08004c2a   0x00000004   Code   RO          535    x$fpl$printf1       fz_ws.l(printf1.o)
    0x08004c2e   0x00000000   Code   RO          555    x$fpl$usenofp       fz_ws.l(usenofp.o)
    0x08004c2e   0x00000002   PAD
    0x08004c30   0x00000094   Data   RO          583    .constdata          c_w.l(bigflt0.o)
    0x08004cc4   0x00000020   Data   RO          748    Region$$Table       anon$$obj.o
    0x08004ce4   0x0000001c   Data   RO          607    locale$$data        c_w.l(lc_numeric_c.o)


    Execution Region RW_IRAM1 (Base: 0x20000000, Size: 0x00002380, Max: 0x00010000, ABSOLUTE, COMPRESSED[0x00000240])

    Base Addr    Size         Type   Attr      Idx    E Section Name        Object

    0x20000000   0x00000065   Data   RW            3    .data               main.o
    0x20000065   0x00000003   PAD
    0x20000068   0x00000014   Data   RW          180    .data               system_stm32f10x.o
    0x2000007c   0x00000288   Data   RW          263    .data               5110.o
    0x20000304   0x00000020   Data   RW          300    .data               control.o
    0x20000324   0x00000004   Data   RW          319    .data               delay.o
    0x20000328   0x00000006   Data   RW          351    .data               usart.o
    0x2000032e   0x00000014   Data   RW          414    .data               stm32f10x_rcc.o
    0x20000342   0x00000002   PAD
    0x20000344   0x00001910   Zero   RW            2    .bss                main.o
    0x20001c54   0x000000c8   Zero   RW          350    .bss                usart.o
    0x20001d1c   0x00000060   Zero   RW          615    .bss                c_w.l(libspace.o)
    0x20001d7c   0x00000004   PAD
    0x20001d80   0x00000200   Zero   RW          383    HEAP                startup_stm32f10x_hd.o
    0x20001f80   0x00000400   Zero   RW          382    STACK               startup_stm32f10x_hd.o


==============================================================================

Image component sizes


      Code (inc. data)   RO Data    RW Data    ZI Data      Debug   Object Name

       820         16          0        648          0       3861   5110.o
       480         26          0          0          0       1883   adc.o
       440        100          0         32          0       1407   control.o
       212         18          0          4          0        987   delay.o
        76          8          0          0          0        479   led.o
       600        152          0        101       6416     264077   main.o
       136          0          0          0          0        679   median_filter.o
       220         22          0          0          0       1765   misc.o
        64         26        304          0       1536        780   startup_stm32f10x_hd.o
      1102         26          0          0          0      10801   stm32f10x_adc.o
       860         38          0          0          0       5609   stm32f10x_gpio.o
        26          0          0          0          0       1162   stm32f10x_it.o
       932         36          0         20          0       8764   stm32f10x_rcc.o
      3610         88          0          0          0      22096   stm32f10x_tim.o
      1032         22          0          0          0       8336   stm32f10x_usart.o
         0          0          0          0          0         32   sys.o
       480         38          0         20          0       1683   system_stm32f10x.o
       628         20          0          0          0       1505   timer.o
       260         12          0          0          0       1026   timer3.o
       320         16          0          6        200       3122   usart.o

    ----------------------------------------------------------------------
     12302        664        336        836       8152     340054   Object Totals
         0          0         32          0          0          0   (incl. Generated)
         4          0          0          5          0          0   (incl. Padding)

    ----------------------------------------------------------------------

      Code (inc. data)   RO Data    RW Data    ZI Data      Debug   Library Member Name

        90          0          0          0          0          0   __dczerorl2.o
         8          0          0          0          0         68   __main.o
       284          0          0          0          0        156   __printf_wp.o
         0          0          0          0          0          0   __rtentry.o
        12          0          0          0          0          0   __rtentry2.o
         6          0          0          0          0          0   __rtentry4.o
        52          8          0          0          0          0   __scatter.o
        28          0          0          0          0          0   __scatter_zi.o
        48          6          0          0          0         96   _printf_char_common.o
         6          0          0          0          0          0   _printf_f.o
      1050          0          0          0          0        216   _printf_fp_dec.o
       128         16          0          0          0         84   _printf_fp_infnan.o
         0          0          0          0          0          0   _printf_percent.o
         4          0          0          0          0          0   _printf_percent_end.o
        10          0          0          0          0         68   _sputc.o
       220          4        148          0          0         96   bigflt0.o
      1910        128          0          0          0        672   btod.o
        12          0          0          0          0         72   exit.o
         6          0          0          0          0        152   heapauxi.o
        44         10         28          0          0         76   lc_numeric_c.o
         2          0          0          0          0          0   libinit.o
        18          0          0          0          0          0   libinit2.o
         2          0          0          0          0          0   libshutdown.o
         2          0          0          0          0          0   libshutdown2.o
         8          4          0          0         96         68   libspace.o
       138          0          0          0          0         80   lludiv10.o
        40          6          0          0          0         84   noretval__2sprintf.o
         8          4          0          0          0         68   rt_locale_intlibspace.o
         2          0          0          0          0          0   rtexit.o
        10          0          0          0          0          0   rtexit2.o
       128          0          0          0          0         68   strcmpv7m.o
        74          0          0          0          0         80   sys_stackheap_outer.o
         2          0          0          0          0         68   use_no_semi.o
         2          0          0          0          0         68   use_no_semi_2.o
        98          4          0          0          0         92   d2f.o
       804         16          0          0          0        272   daddsub_clz.o
        46          0          0          0          0         68   dflt_clz.o
       340         12          0          0          0        104   dmul.o
       156          4          0          0          0         92   dnaninf.o
        12          0          0          0          0         68   dretinf.o
        86          4          0          0          0         84   f2d.o
       430          8          0          0          0        168   faddsub_clz.o
        54          4          0          0          0         84   ffix.o
        48          0          0          0          0         68   fflt_clz.o
       258          4          0          0          0         84   fmul.o
       140          4          0          0          0         84   fnaninf.o
        10          0          0          0          0         68   fretinf.o
         4          0          0          0          0         68   printf1.o
         0          0          0          0          0          0   usenofp.o
        40          0          0          0          0         68   fpclassify.o

    ----------------------------------------------------------------------
      6898        246        176          0        100       3812   Library Totals
        18          0          0          0          4          0   (incl. Padding)

    ----------------------------------------------------------------------

      Code (inc. data)   RO Data    RW Data    ZI Data      Debug   Library Name

      4354        186        176          0         96       2340   c_w.l
      2486         60          0          0          0       1404   fz_ws.l
        40          0          0          0          0         68   m_ws.l

    ----------------------------------------------------------------------
      6898        246        176          0        100       3812   Library Totals

    ----------------------------------------------------------------------

==============================================================================


      Code (inc. data)   RO Data    RW Data    ZI Data      Debug   

     19200        910        512        836       8252     340222   Grand Totals
     19200        910        512        576       8252     340222   ELF Image Totals (compressed)
     19200        910        512        576          0          0   ROM Totals

==============================================================================

    Total RO  Size (Code + RO Data)                19712 (  19.25kB)
    Total RW  Size (RW Data + ZI Data)              9088 (   8.88kB)
    Total ROM Size (Code + RO Data + RW Data)      20288 (  19.81kB)

==============================================================================

